Archive member included to satisfy reference by file (symbol)

/Applications/STM32CubeIDE.app/Contents/Eclipse/plugins/com.st.stm32cube.ide.mcu.externaltools.gnu-tools-for-stm32.7-2018-q2-update.macos64_1.5.0.202011040924/tools/bin/../lib/gcc/arm-none-eabi/7.3.1/../../../../arm-none-eabi/lib/thumb/v7e-m/fpv4-sp/hard/libc_nano.a(lib_a-errno.o)
                              Core/Src/syscalls.o (__errno)
/Applications/STM32CubeIDE.app/Contents/Eclipse/plugins/com.st.stm32cube.ide.mcu.externaltools.gnu-tools-for-stm32.7-2018-q2-update.macos64_1.5.0.202011040924/tools/bin/../lib/gcc/arm-none-eabi/7.3.1/../../../../arm-none-eabi/lib/thumb/v7e-m/fpv4-sp/hard/libc_nano.a(lib_a-exit.o)
                              /Applications/STM32CubeIDE.app/Contents/Eclipse/plugins/com.st.stm32cube.ide.mcu.externaltools.gnu-tools-for-stm32.7-2018-q2-update.macos64_1.5.0.202011040924/tools/bin/../lib/gcc/arm-none-eabi/7.3.1/../../../../arm-none-eabi/lib/thumb/v7e-m/fpv4-sp/hard/crt0.o (exit)
/Applications/STM32CubeIDE.app/Contents/Eclipse/plugins/com.st.stm32cube.ide.mcu.externaltools.gnu-tools-for-stm32.7-2018-q2-update.macos64_1.5.0.202011040924/tools/bin/../lib/gcc/arm-none-eabi/7.3.1/../../../../arm-none-eabi/lib/thumb/v7e-m/fpv4-sp/hard/libc_nano.a(lib_a-impure.o)
                              /Applications/STM32CubeIDE.app/Contents/Eclipse/plugins/com.st.stm32cube.ide.mcu.externaltools.gnu-tools-for-stm32.7-2018-q2-update.macos64_1.5.0.202011040924/tools/bin/../lib/gcc/arm-none-eabi/7.3.1/../../../../arm-none-eabi/lib/thumb/v7e-m/fpv4-sp/hard/libc_nano.a(lib_a-exit.o) (_global_impure_ptr)
/Applications/STM32CubeIDE.app/Contents/Eclipse/plugins/com.st.stm32cube.ide.mcu.externaltools.gnu-tools-for-stm32.7-2018-q2-update.macos64_1.5.0.202011040924/tools/bin/../lib/gcc/arm-none-eabi/7.3.1/../../../../arm-none-eabi/lib/thumb/v7e-m/fpv4-sp/hard/libc_nano.a(lib_a-init.o)
                              /Applications/STM32CubeIDE.app/Contents/Eclipse/plugins/com.st.stm32cube.ide.mcu.externaltools.gnu-tools-for-stm32.7-2018-q2-update.macos64_1.5.0.202011040924/tools/bin/../lib/gcc/arm-none-eabi/7.3.1/../../../../arm-none-eabi/lib/thumb/v7e-m/fpv4-sp/hard/crt0.o (__libc_init_array)
/Applications/STM32CubeIDE.app/Contents/Eclipse/plugins/com.st.stm32cube.ide.mcu.externaltools.gnu-tools-for-stm32.7-2018-q2-update.macos64_1.5.0.202011040924/tools/bin/../lib/gcc/arm-none-eabi/7.3.1/../../../../arm-none-eabi/lib/thumb/v7e-m/fpv4-sp/hard/libc_nano.a(lib_a-memcpy-stub.o)
                              Core/Src/MY_ILI9341.o (memcpy)
/Applications/STM32CubeIDE.app/Contents/Eclipse/plugins/com.st.stm32cube.ide.mcu.externaltools.gnu-tools-for-stm32.7-2018-q2-update.macos64_1.5.0.202011040924/tools/bin/../lib/gcc/arm-none-eabi/7.3.1/../../../../arm-none-eabi/lib/thumb/v7e-m/fpv4-sp/hard/libc_nano.a(lib_a-memset.o)
                              /Applications/STM32CubeIDE.app/Contents/Eclipse/plugins/com.st.stm32cube.ide.mcu.externaltools.gnu-tools-for-stm32.7-2018-q2-update.macos64_1.5.0.202011040924/tools/bin/../lib/gcc/arm-none-eabi/7.3.1/../../../../arm-none-eabi/lib/thumb/v7e-m/fpv4-sp/hard/crt0.o (memset)
/Applications/STM32CubeIDE.app/Contents/Eclipse/plugins/com.st.stm32cube.ide.mcu.externaltools.gnu-tools-for-stm32.7-2018-q2-update.macos64_1.5.0.202011040924/tools/bin/../lib/gcc/arm-none-eabi/7.3.1/../../../../arm-none-eabi/lib/thumb/v7e-m/fpv4-sp/hard/libc_nano.a(lib_a-snprintf.o)
                              Core/Src/FUNCTIONS.o (snprintf)
/Applications/STM32CubeIDE.app/Contents/Eclipse/plugins/com.st.stm32cube.ide.mcu.externaltools.gnu-tools-for-stm32.7-2018-q2-update.macos64_1.5.0.202011040924/tools/bin/../lib/gcc/arm-none-eabi/7.3.1/../../../../arm-none-eabi/lib/thumb/v7e-m/fpv4-sp/hard/libc_nano.a(lib_a-sprintf.o)
                              Core/Src/FUNCTIONS.o (sprintf)
/Applications/STM32CubeIDE.app/Contents/Eclipse/plugins/com.st.stm32cube.ide.mcu.externaltools.gnu-tools-for-stm32.7-2018-q2-update.macos64_1.5.0.202011040924/tools/bin/../lib/gcc/arm-none-eabi/7.3.1/../../../../arm-none-eabi/lib/thumb/v7e-m/fpv4-sp/hard/libc_nano.a(lib_a-strlen.o)
                              Core/Src/FUNCTIONS.o (strlen)
/Applications/STM32CubeIDE.app/Contents/Eclipse/plugins/com.st.stm32cube.ide.mcu.externaltools.gnu-tools-for-stm32.7-2018-q2-update.macos64_1.5.0.202011040924/tools/bin/../lib/gcc/arm-none-eabi/7.3.1/../../../../arm-none-eabi/lib/thumb/v7e-m/fpv4-sp/hard/libc_nano.a(lib_a-nano-svfprintf.o)
                              /Applications/STM32CubeIDE.app/Contents/Eclipse/plugins/com.st.stm32cube.ide.mcu.externaltools.gnu-tools-for-stm32.7-2018-q2-update.macos64_1.5.0.202011040924/tools/bin/../lib/gcc/arm-none-eabi/7.3.1/../../../../arm-none-eabi/lib/thumb/v7e-m/fpv4-sp/hard/libc_nano.a(lib_a-snprintf.o) (_svfprintf_r)
[...]
Memory Configuration

Name             Origin             Length             Attributes
CCMRAM           0x0000000010000000 0x0000000000010000 xrw
RAM              0x0000000020000000 0x0000000000020000 xrw
FLASH            0x0000000008000000 0x0000000000100000 xr
*default*        0x0000000000000000 0xffffffffffffffff

Linker script and memory map

LOAD /Applications/STM32CubeIDE.app/Contents/Eclipse/plugins/com.st.stm32cube.ide.mcu.externaltools.gnu-tools-for-stm32.7-2018-q2-update.macos64_1.5.0.202011040924/tools/bin/../lib/gcc/arm-none-eabi/7.3.1/thumb/v7e-m/fpv4-sp/hard/crti.o
LOAD /Applications/STM32CubeIDE.app/Contents/Eclipse/plugins/com.st.stm32cube.ide.mcu.externaltools.gnu-tools-for-stm32.7-2018-q2-update.macos64_1.5.0.202011040924/tools/bin/../lib/gcc/arm-none-eabi/7.3.1/thumb/v7e-m/fpv4-sp/hard/crtbegin.o
LOAD /Applications/STM32CubeIDE.app/Contents/Eclipse/plugins/com.st.stm32cube.ide.mcu.externaltools.gnu-tools-for-stm32.7-2018-q2-update.macos64_1.5.0.202011040924/tools/bin/../lib/gcc/arm-none-eabi/7.3.1/../../../../arm-none-eabi/lib/thumb/v7e-m/fpv4-sp/hard/crt0.o
LOAD Core/Src/FUNCTIONS.o
LOAD Core/Src/MY_ILI9341.o
LOAD Core/Src/TSC2046.o
LOAD Core/Src/UartRingbuffer.o
LOAD Core/Src/fonts.o
LOAD Core/Src/main.o
LOAD Core/Src/stm32f4xx_hal_msp.o
LOAD Core/Src/stm32f4xx_it.o
LOAD Core/Src/syscalls.o
LOAD Core/Src/sysmem.o
LOAD Core/Src/system_stm32f4xx.o
LOAD Core/Startup/startup_stm32f407vgtx.o
LOAD Drivers/STM32F4xx_HAL_Driver/Src/stm32f4xx_hal.o
LOAD Drivers/STM32F4xx_HAL_Driver/Src/stm32f4xx_hal_cortex.o
LOAD Drivers/STM32F4xx_HAL_Driver/Src/stm32f4xx_hal_dma.o
LOAD Drivers/STM32F4xx_HAL_Driver/Src/stm32f4xx_hal_dma_ex.o
LOAD Drivers/STM32F4xx_HAL_Driver/Src/stm32f4xx_hal_exti.o
LOAD Drivers/STM32F4xx_HAL_Driver/Src/stm32f4xx_hal_flash.o
LOAD Drivers/STM32F4xx_HAL_Driver/Src/stm32f4xx_hal_flash_ex.o
LOAD Drivers/STM32F4xx_HAL_Driver/Src/stm32f4xx_hal_flash_ramfunc.o
LOAD Drivers/STM32F4xx_HAL_Driver/Src/stm32f4xx_hal_gpio.o
LOAD Drivers/STM32F4xx_HAL_Driver/Src/stm32f4xx_hal_pwr.o
LOAD Drivers/STM32F4xx_HAL_Driver/Src/stm32f4xx_hal_pwr_ex.o
LOAD Drivers/STM32F4xx_HAL_Driver/Src/stm32f4xx_hal_rcc.o
LOAD Drivers/STM32F4xx_HAL_Driver/Src/stm32f4xx_hal_rcc_ex.o
LOAD Drivers/STM32F4xx_HAL_Driver/Src/stm32f4xx_hal_spi.o
LOAD Drivers/STM32F4xx_HAL_Driver/Src/stm32f4xx_hal_tim.o
LOAD Drivers/STM32F4xx_HAL_Driver/Src/stm32f4xx_hal_tim_ex.o
LOAD Drivers/STM32F4xx_HAL_Driver/Src/stm32f4xx_hal_uart.o
START GROUP
LOAD /Applications/STM32CubeIDE.app/Contents/Eclipse/plugins/com.st.stm32cube.ide.mcu.externaltools.gnu-tools-for-stm32.7-2018-q2-update.macos64_1.5.0.202011040924/tools/bin/../lib/gcc/arm-none-eabi/7.3.1/../../../../arm-none-eabi/lib/thumb/v7e-m/fpv4-sp/hard/libc_nano.a
LOAD /Applications/STM32CubeIDE.app/Contents/Eclipse/plugins/com.st.stm32cube.ide.mcu.externaltools.gnu-tools-for-stm32.7-2018-q2-update.macos64_1.5.0.202011040924/tools/bin/../lib/gcc/arm-none-eabi/7.3.1/../../../../arm-none-eabi/lib/thumb/v7e-m/fpv4-sp/hard/libm.a
END GROUP
START GROUP
LOAD /Applications/STM32CubeIDE.app/Contents/Eclipse/plugins/com.st.stm32cube.ide.mcu.externaltools.gnu-tools-for-stm32.7-2018-q2-update.macos64_1.5.0.202011040924/tools/bin/../lib/gcc/arm-none-eabi/7.3.1/thumb/v7e-m/fpv4-sp/hard/libgcc.a
LOAD /Applications/STM32CubeIDE.app/Contents/Eclipse/plugins/com.st.stm32cube.ide.mcu.externaltools.gnu-tools-for-stm32.7-2018-q2-update.macos64_1.5.0.202011040924/tools/bin/../lib/gcc/arm-none-eabi/7.3.1/../../../../arm-none-eabi/lib/thumb/v7e-m/fpv4-sp/hard/libc_nano.a
END GROUP
START GROUP
LOAD /Applications/STM32CubeIDE.app/Contents/Eclipse/plugins/com.st.stm32cube.ide.mcu.externaltools.gnu-tools-for-stm32.7-2018-q2-update.macos64_1.5.0.202011040924/tools/bin/../lib/gcc/arm-none-eabi/7.3.1/thumb/v7e-m/fpv4-sp/hard/libgcc.a
LOAD /Applications/STM32CubeIDE.app/Contents/Eclipse/plugins/com.st.stm32cube.ide.mcu.externaltools.gnu-tools-for-stm32.7-2018-q2-update.macos64_1.5.0.202011040924/tools/bin/../lib/gcc/arm-none-eabi/7.3.1/../../../../arm-none-eabi/lib/thumb/v7e-m/fpv4-sp/hard/libc_nano.a
LOAD /Applications/STM32CubeIDE.app/Contents/Eclipse/plugins/com.st.stm32cube.ide.mcu.externaltools.gnu-tools-for-stm32.7-2018-q2-update.macos64_1.5.0.202011040924/tools/bin/../lib/gcc/arm-none-eabi/7.3.1/../../../../arm-none-eabi/lib/thumb/v7e-m/fpv4-sp/hard/libnosys.a
END GROUP
START GROUP
LOAD /Applications/STM32CubeIDE.app/Contents/Eclipse/plugins/com.st.stm32cube.ide.mcu.externaltools.gnu-tools-for-stm32.7-2018-q2-update.macos64_1.5.0.202011040924/tools/bin/../lib/gcc/arm-none-eabi/7.3.1/thumb/v7e-m/fpv4-sp/hard/libgcc.a
LOAD /Applications/STM32CubeIDE.app/Contents/Eclipse/plugins/com.st.stm32cube.ide.mcu.externaltools.gnu-tools-for-stm32.7-2018-q2-update.macos64_1.5.0.202011040924/tools/bin/../lib/gcc/arm-none-eabi/7.3.1/../../../../arm-none-eabi/lib/thumb/v7e-m/fpv4-sp/hard/libc_nano.a
LOAD /Applications/STM32CubeIDE.app/Contents/Eclipse/plugins/com.st.stm32cube.ide.mcu.externaltools.gnu-tools-for-stm32.7-2018-q2-update.macos64_1.5.0.202011040924/tools/bin/../lib/gcc/arm-none-eabi/7.3.1/../../../../arm-none-eabi/lib/thumb/v7e-m/fpv4-sp/hard/libnosys.a
END GROUP
LOAD /Applications/STM32CubeIDE.app/Contents/Eclipse/plugins/com.st.stm32cube.ide.mcu.externaltools.gnu-tools-for-stm32.7-2018-q2-update.macos64_1.5.0.202011040924/tools/bin/../lib/gcc/arm-none-eabi/7.3.1/thumb/v7e-m/fpv4-sp/hard/crtend.o
LOAD /Applications/STM32CubeIDE.app/Contents/Eclipse/plugins/com.st.stm32cube.ide.mcu.externaltools.gnu-tools-for-stm32.7-2018-q2-update.macos64_1.5.0.202011040924/tools/bin/../lib/gcc/arm-none-eabi/7.3.1/thumb/v7e-m/fpv4-sp/hard/crtn.o
                0x0000000020020000                _estack = (ORIGIN (RAM) + LENGTH (RAM))
                0x0000000000000200                _Min_Heap_Size = 0x200
                0x0000000000000400                _Min_Stack_Size = 0x400

.isr_vector     0x0000000008000000      0x188
                0x0000000008000000                . = ALIGN (0x4)
 *(.isr_vector)
 .isr_vector    0x0000000008000000      0x188 Core/Startup/startup_stm32f407vgtx.o
                0x0000000008000000                g_pfnVectors
                0x0000000008000188                . = ALIGN (0x4)

.text           0x0000000008000190     0x4050
                0x0000000008000190                . = ALIGN (0x4)
 *(.text)
 .text          0x0000000008000190       0x40 /Applications/STM32CubeIDE.app/Contents/Eclipse/plugins/com.st.stm32cube.ide.mcu.externaltools.gnu-tools-for-stm32.7-2018-q2-update.macos64_1.5.0.202011040924/tools/bin/../lib/gcc/arm-none-eabi/7.3.1/thumb/v7e-m/fpv4-sp/hard/crtbegin.o
 .text          0x00000000080001d0       0x10 /Applications/STM32CubeIDE.app/Contents/Eclipse/plugins/com.st.stm32cube.ide.mcu.externaltools.gnu-tools-for-stm32.7-2018-q2-update.macos64_1.5.0.202011040924/tools/bin/../lib/gcc/arm-none-eabi/7.3.1/../../../../arm-none-eabi/lib/thumb/v7e-m/fpv4-sp/hard/libc_nano.a(lib_a-strlen.o)
                0x00000000080001d0                strlen
 .text          0x00000000080001e0       0xa0 /Applications/STM32CubeIDE.app/Contents/Eclipse/plugins/com.st.stm32cube.ide.mcu.externaltools.gnu-tools-for-stm32.7-2018-q2-update.macos64_1.5.0.202011040924/tools/bin/../lib/gcc/arm-none-eabi/7.3.1/../../../../arm-none-eabi/lib/thumb/v7e-m/fpv4-sp/hard/libc_nano.a(lib_a-memchr.o)
                0x00000000080001e0                memchr
 .text          0x0000000008000280       0x30 /Applications/STM32CubeIDE.app/Contents/Eclipse/plugins/com.st.stm32cube.ide.mcu.externaltools.gnu-tools-for-stm32.7-2018-q2-update.macos64_1.5.0.202011040924/tools/bin/../lib/gcc/arm-none-eabi/7.3.1/thumb/v7e-m/fpv4-sp/hard/libgcc.a(_aeabi_uldivmod.o)
                0x0000000008000280                __aeabi_uldivmod
 .text          0x00000000080002b0      0x2cc /Applications/STM32CubeIDE.app/Contents/Eclipse/plugins/com.st.stm32cube.ide.mcu.externaltools.gnu-tools-for-stm32.7-2018-q2-update.macos64_1.5.0.202011040924/tools/bin/../lib/gcc/arm-none-eabi/7.3.1/thumb/v7e-m/fpv4-sp/hard/libgcc.a(_udivmoddi4.o)
                0x00000000080002b0                __udivmoddi4
 .text          0x000000000800057c        0x4 /Applications/STM32CubeIDE.app/Contents/Eclipse/plugins/com.st.stm32cube.ide.mcu.externaltools.gnu-tools-for-stm32.7-2018-q2-update.macos64_1.5.0.202011040924/tools/bin/../lib/gcc/arm-none-eabi/7.3.1/thumb/v7e-m/fpv4-sp/hard/libgcc.a(_dvmd_tls.o)
                0x000000000800057c                __aeabi_ldiv0
                0x000000000800057c                __aeabi_idiv0
 *(.text*)
 .text.ESP_Init
                0x0000000008000580       0xac Core/Src/FUNCTIONS.o
                0x0000000008000580                ESP_Init
 .text.ESP_GetData
                0x000000000800062c      0x124 Core/Src/FUNCTIONS.o
                0x000000000800062c                ESP_GetData
 .text.ILI9341_SendCommand
                0x0000000008000750       0x68 Core/Src/MY_ILI9341.o
                0x0000000008000750                ILI9341_SendCommand
 .text.ILI9341_SendData
                0x00000000080007b8       0x68 Core/Src/MY_ILI9341.o
                0x00000000080007b8                ILI9341_SendData
 .text.ILI9341_SetCursorPosition
                0x0000000008000820       0x98 Core/Src/MY_ILI9341.o
                0x0000000008000820                ILI9341_SetCursorPosition
 .text.ILI9341_Init
                0x00000000080008b8      0x180 Core/Src/MY_ILI9341.o
                0x00000000080008b8                ILI9341_Init
 .text.ILI9341_DrawPixel
                0x0000000008000a38       0x3e Core/Src/MY_ILI9341.o
                0x0000000008000a38                ILI9341_DrawPixel
 .text.ILI9341_Fill_Rect
                0x0000000008000a76       0x74 Core/Src/MY_ILI9341.o
                0x0000000008000a76                ILI9341_Fill_Rect
 *fill*         0x0000000008000aea        0x2 
 .text.ILI9341_drawChar
                0x0000000008000aec      0x294 Core/Src/MY_ILI9341.o
                0x0000000008000aec                ILI9341_drawChar
 .text.ILI9341_printText
                0x0000000008000d80       0x82 Core/Src/MY_ILI9341.o
                0x0000000008000d80                ILI9341_printText
 *fill*         0x0000000008000e02        0x2 
 .text.ILI9341_setRotation
                0x0000000008000e04       0x98 Core/Src/MY_ILI9341.o
                0x0000000008000e04                ILI9341_setRotation
 .text.Ringbuf_init
                0x0000000008000e9c       0x50 Core/Src/UartRingbuffer.o
                0x0000000008000e9c                Ringbuf_init
 .text.store_char
                0x0000000008000eec       0x3e Core/Src/UartRingbuffer.o
                0x0000000008000eec                store_char
 *fill*         0x0000000008000f2a        0x2 
 .text.Uart_read
                0x0000000008000f2c       0x50 Core/Src/UartRingbuffer.o
                0x0000000008000f2c                Uart_read
 .text.Uart_write
                0x0000000008000f7c       0x68 Core/Src/UartRingbuffer.o
                0x0000000008000f7c                Uart_write
 .text.IsDataAvailable
                0x0000000008000fe4       0x2c Core/Src/UartRingbuffer.o
                0x0000000008000fe4                IsDataAvailable
 .text.Uart_sendstring
                0x0000000008001010       0x28 Core/Src/UartRingbuffer.o
                0x0000000008001010                Uart_sendstring
 .text.Uart_peek
                0x0000000008001038       0x34 Core/Src/UartRingbuffer.o
                0x0000000008001038                Uart_peek
 .text.Copy_upto
                0x000000000800106c       0xe8 Core/Src/UartRingbuffer.o
                0x000000000800106c                Copy_upto
 .text.Wait_for
                0x0000000008001154       0xa8 Core/Src/UartRingbuffer.o
                0x0000000008001154                Wait_for
 .text.Uart_isr
                0x00000000080011fc       0xb4 Core/Src/UartRingbuffer.o
                0x00000000080011fc                Uart_isr
 .text.main     0x00000000080012b0       0x84 Core/Src/main.o
                0x00000000080012b0                main
 .text.SystemClock_Config
                0x0000000008001334       0xd4 Core/Src/main.o
                0x0000000008001334                SystemClock_Config
 .text.MX_SPI1_Init
                0x0000000008001408       0x6c Core/Src/main.o
 .text.MX_USART1_UART_Init
                0x0000000008001474       0x54 Core/Src/main.o
 .text.MX_GPIO_Init
                0x00000000080014c8       0xec Core/Src/main.o
 .text.Error_Handler
                0x00000000080015b4        0x8 Core/Src/main.o
                0x00000000080015b4                Error_Handler
 .text.HAL_MspInit
                0x00000000080015bc       0x50 Core/Src/stm32f4xx_hal_msp.o
                0x00000000080015bc                HAL_MspInit
 .text.HAL_SPI_MspInit
                0x000000000800160c       0x90 Core/Src/stm32f4xx_hal_msp.o
                0x000000000800160c                HAL_SPI_MspInit
 .text.HAL_UART_MspInit
                0x000000000800169c       0xa0 Core/Src/stm32f4xx_hal_msp.o
                0x000000000800169c                HAL_UART_MspInit
 .text.NMI_Handler
                0x000000000800173c        0x6 Core/Src/stm32f4xx_it.o
                0x000000000800173c                NMI_Handler
 .text.HardFault_Handler
                0x0000000008001742        0x6 Core/Src/stm32f4xx_it.o
                0x0000000008001742                HardFault_Handler
 .text.MemManage_Handler
                0x0000000008001748        0x6 Core/Src/stm32f4xx_it.o
                0x0000000008001748                MemManage_Handler
 .text.BusFault_Handler
                0x000000000800174e        0x6 Core/Src/stm32f4xx_it.o
                0x000000000800174e                BusFault_Handler
 .text.UsageFault_Handler
                0x0000000008001754        0x6 Core/Src/stm32f4xx_it.o
                0x0000000008001754                UsageFault_Handler
 .text.SVC_Handler
                0x000000000800175a        0xe Core/Src/stm32f4xx_it.o
                0x000000000800175a                SVC_Handler
 .text.DebugMon_Handler
                0x0000000008001768        0xe Core/Src/stm32f4xx_it.o
                0x0000000008001768                DebugMon_Handler
 .text.PendSV_Handler
                0x0000000008001776        0xe Core/Src/stm32f4xx_it.o
                0x0000000008001776                PendSV_Handler
 .text.SysTick_Handler
                0x0000000008001784        0xc Core/Src/stm32f4xx_it.o
                0x0000000008001784                SysTick_Handler
 .text.USART1_IRQHandler
                0x0000000008001790       0x18 Core/Src/stm32f4xx_it.o
                0x0000000008001790                USART1_IRQHandler
 .text._sbrk    0x00000000080017a8       0x6c Core/Src/sysmem.o
                0x00000000080017a8                _sbrk
 .text.SystemInit
                0x0000000008001814       0x2c Core/Src/system_stm32f4xx.o
                0x0000000008001814                SystemInit
 .text.Reset_Handler
                0x0000000008001840       0x50 Core/Startup/startup_stm32f407vgtx.o
                0x0000000008001840                Reset_Handler
 .text.Default_Handler
                0x0000000008001890        0x2 Core/Startup/startup_stm32f407vgtx.o
                0x0000000008001890                DMA1_Stream3_IRQHandler
                0x0000000008001890                HASH_RNG_IRQHandler
                0x0000000008001890                EXTI2_IRQHandler
                0x0000000008001890                TIM8_CC_IRQHandler
                0x0000000008001890                TIM1_CC_IRQHandler
                0x0000000008001890                DMA2_Stream5_IRQHandler
                0x0000000008001890                DMA1_Stream5_IRQHandler
                0x0000000008001890                PVD_IRQHandler
                0x0000000008001890                SDIO_IRQHandler
                0x0000000008001890                TAMP_STAMP_IRQHandler
                0x0000000008001890                CAN2_RX1_IRQHandler
                0x0000000008001890                EXTI3_IRQHandler
                0x0000000008001890                TIM8_TRG_COM_TIM14_IRQHandler
                0x0000000008001890                TIM1_UP_TIM10_IRQHandler
                0x0000000008001890                TIM8_UP_TIM13_IRQHandler
                0x0000000008001890                I2C3_ER_IRQHandler
                0x0000000008001890                EXTI0_IRQHandler
                0x0000000008001890                I2C2_EV_IRQHandler
                0x0000000008001890                DMA1_Stream2_IRQHandler
                0x0000000008001890                CAN1_RX0_IRQHandler
                0x0000000008001890                FPU_IRQHandler
                0x0000000008001890                OTG_HS_WKUP_IRQHandler
                0x0000000008001890                CAN2_SCE_IRQHandler
                0x0000000008001890                DMA2_Stream2_IRQHandler
                0x0000000008001890                SPI1_IRQHandler
                0x0000000008001890                TIM6_DAC_IRQHandler
                0x0000000008001890                TIM1_BRK_TIM9_IRQHandler
                0x0000000008001890                DCMI_IRQHandler
                0x0000000008001890                CAN2_RX0_IRQHandler
                0x0000000008001890                DMA2_Stream3_IRQHandler
                0x0000000008001890                USART6_IRQHandler
                0x0000000008001890                USART3_IRQHandler
                0x0000000008001890                CAN1_RX1_IRQHandler
                0x0000000008001890                UART5_IRQHandler
                0x0000000008001890                DMA2_Stream0_IRQHandler
                0x0000000008001890                TIM4_IRQHandler
                0x0000000008001890                I2C1_EV_IRQHandler
                0x0000000008001890                DMA1_Stream6_IRQHandler
                0x0000000008001890                DMA1_Stream1_IRQHandler
                0x0000000008001890                UART4_IRQHandler
                0x0000000008001890                TIM3_IRQHandler
                0x0000000008001890                RCC_IRQHandler
                0x0000000008001890                TIM8_BRK_TIM12_IRQHandler
                0x0000000008001890                Default_Handler
                0x0000000008001890                EXTI15_10_IRQHandler
                0x0000000008001890                ADC_IRQHandler
                0x0000000008001890                DMA1_Stream7_IRQHandler
                0x0000000008001890                TIM7_IRQHandler
                0x0000000008001890                CAN2_TX_IRQHandler
                0x0000000008001890                TIM5_IRQHandler
                0x0000000008001890                DMA2_Stream7_IRQHandler
                0x0000000008001890                I2C3_EV_IRQHandler
                0x0000000008001890                EXTI9_5_IRQHandler
                0x0000000008001890                RTC_WKUP_IRQHandler
                0x0000000008001890                ETH_WKUP_IRQHandler
                0x0000000008001890                SPI2_IRQHandler
                0x0000000008001890                OTG_HS_EP1_IN_IRQHandler
                0x0000000008001890                DMA1_Stream0_IRQHandler
                0x0000000008001890                CAN1_TX_IRQHandler
                0x0000000008001890                EXTI4_IRQHandler
                0x0000000008001890                FSMC_IRQHandler
                0x0000000008001890                ETH_IRQHandler
                0x0000000008001890                OTG_HS_EP1_OUT_IRQHandler
                0x0000000008001890                WWDG_IRQHandler
                0x0000000008001890                TIM2_IRQHandler
                0x0000000008001890                OTG_FS_WKUP_IRQHandler
                0x0000000008001890                TIM1_TRG_COM_TIM11_IRQHandler
                0x0000000008001890                OTG_HS_IRQHandler
                0x0000000008001890                EXTI1_IRQHandler
                0x0000000008001890                USART2_IRQHandler
                0x0000000008001890                I2C2_ER_IRQHandler
                0x0000000008001890                DMA2_Stream1_IRQHandler
                0x0000000008001890                CAN1_SCE_IRQHandler
                0x0000000008001890                FLASH_IRQHandler
                0x0000000008001890                DMA2_Stream4_IRQHandler
                0x0000000008001890                OTG_FS_IRQHandler
                0x0000000008001890                SPI3_IRQHandler
                0x0000000008001890                DMA1_Stream4_IRQHandler
                0x0000000008001890                I2C1_ER_IRQHandler
                0x0000000008001890                DMA2_Stream6_IRQHandler
                0x0000000008001890                RTC_Alarm_IRQHandler
 *fill*         0x0000000008001892        0x2 
 .text.HAL_Init
                0x0000000008001894       0x44 Drivers/STM32F4xx_HAL_Driver/Src/stm32f4xx_hal.o
                0x0000000008001894                HAL_Init
 .text.HAL_InitTick
                0x00000000080018d8       0x60 Drivers/STM32F4xx_HAL_Driver/Src/stm32f4xx_hal.o
                0x00000000080018d8                HAL_InitTick
 .text.HAL_IncTick
                0x0000000008001938       0x28 Drivers/STM32F4xx_HAL_Driver/Src/stm32f4xx_hal.o
                0x0000000008001938                HAL_IncTick
 .text.HAL_GetTick
                0x0000000008001960       0x18 Drivers/STM32F4xx_HAL_Driver/Src/stm32f4xx_hal.o
                0x0000000008001960                HAL_GetTick
 .text.HAL_Delay
                0x0000000008001978       0x44 Drivers/STM32F4xx_HAL_Driver/Src/stm32f4xx_hal.o
                0x0000000008001978                HAL_Delay
 .text.__NVIC_SetPriorityGrouping
                0x00000000080019bc       0x48 Drivers/STM32F4xx_HAL_Driver/Src/stm32f4xx_hal_cortex.o
 .text.__NVIC_GetPriorityGrouping
                0x0000000008001a04       0x1c Drivers/STM32F4xx_HAL_Driver/Src/stm32f4xx_hal_cortex.o
 .text.__NVIC_EnableIRQ
                0x0000000008001a20       0x3c Drivers/STM32F4xx_HAL_Driver/Src/stm32f4xx_hal_cortex.o
 .text.__NVIC_SetPriority
                0x0000000008001a5c       0x54 Drivers/STM32F4xx_HAL_Driver/Src/stm32f4xx_hal_cortex.o
 .text.NVIC_EncodePriority
                0x0000000008001ab0       0x66 Drivers/STM32F4xx_HAL_Driver/Src/stm32f4xx_hal_cortex.o
 *fill*         0x0000000008001b16        0x2 
 .text.SysTick_Config
                0x0000000008001b18       0x44 Drivers/STM32F4xx_HAL_Driver/Src/stm32f4xx_hal_cortex.o
 .text.HAL_NVIC_SetPriorityGrouping
                0x0000000008001b5c       0x16 Drivers/STM32F4xx_HAL_Driver/Src/stm32f4xx_hal_cortex.o
                0x0000000008001b5c                HAL_NVIC_SetPriorityGrouping
 .text.HAL_NVIC_SetPriority
                0x0000000008001b72       0x38 Drivers/STM32F4xx_HAL_Driver/Src/stm32f4xx_hal_cortex.o
                0x0000000008001b72                HAL_NVIC_SetPriority
 .text.HAL_NVIC_EnableIRQ
                0x0000000008001baa       0x1c Drivers/STM32F4xx_HAL_Driver/Src/stm32f4xx_hal_cortex.o
                0x0000000008001baa                HAL_NVIC_EnableIRQ
 .text.HAL_SYSTICK_Config
                0x0000000008001bc6       0x18 Drivers/STM32F4xx_HAL_Driver/Src/stm32f4xx_hal_cortex.o
                0x0000000008001bc6                HAL_SYSTICK_Config
 .text.HAL_DMA_Abort_IT
                0x0000000008001bde       0x44 Drivers/STM32F4xx_HAL_Driver/Src/stm32f4xx_hal_dma.o
                0x0000000008001bde                HAL_DMA_Abort_IT
 *fill*         0x0000000008001c22        0x2 
 .text.HAL_GPIO_Init
                0x0000000008001c24      0x334 Drivers/STM32F4xx_HAL_Driver/Src/stm32f4xx_hal_gpio.o
                0x0000000008001c24                HAL_GPIO_Init
 .text.HAL_GPIO_WritePin
                0x0000000008001f58       0x32 Drivers/STM32F4xx_HAL_Driver/Src/stm32f4xx_hal_gpio.o
                0x0000000008001f58                HAL_GPIO_WritePin
 *fill*         0x0000000008001f8a        0x2 
 .text.HAL_RCC_OscConfig
                0x0000000008001f8c      0x4e0 Drivers/STM32F4xx_HAL_Driver/Src/stm32f4xx_hal_rcc.o
                0x0000000008001f8c                HAL_RCC_OscConfig
 .text.HAL_RCC_ClockConfig
                0x000000000800246c      0x1cc Drivers/STM32F4xx_HAL_Driver/Src/stm32f4xx_hal_rcc.o
                0x000000000800246c                HAL_RCC_ClockConfig
 .text.HAL_RCC_GetSysClockFreq
                0x0000000008002638      0x1b0 Drivers/STM32F4xx_HAL_Driver/Src/stm32f4xx_hal_rcc.o
                0x0000000008002638                HAL_RCC_GetSysClockFreq
 .text.HAL_RCC_GetHCLKFreq
                0x00000000080027e8       0x18 Drivers/STM32F4xx_HAL_Driver/Src/stm32f4xx_hal_rcc.o
                0x00000000080027e8                HAL_RCC_GetHCLKFreq
 .text.HAL_RCC_GetPCLK1Freq
                0x0000000008002800       0x28 Drivers/STM32F4xx_HAL_Driver/Src/stm32f4xx_hal_rcc.o
                0x0000000008002800                HAL_RCC_GetPCLK1Freq
 .text.HAL_RCC_GetPCLK2Freq
                0x0000000008002828       0x28 Drivers/STM32F4xx_HAL_Driver/Src/stm32f4xx_hal_rcc.o
                0x0000000008002828                HAL_RCC_GetPCLK2Freq
 .text.HAL_SPI_Init
                0x0000000008002850       0xc8 Drivers/STM32F4xx_HAL_Driver/Src/stm32f4xx_hal_spi.o
                0x0000000008002850                HAL_SPI_Init
 .text.HAL_SPI_Transmit
                0x0000000008002918      0x268 Drivers/STM32F4xx_HAL_Driver/Src/stm32f4xx_hal_spi.o
                0x0000000008002918                HAL_SPI_Transmit
 .text.SPI_WaitFlagStateUntilTimeout
                0x0000000008002b80       0xd4 Drivers/STM32F4xx_HAL_Driver/Src/stm32f4xx_hal_spi.o
 .text.SPI_EndRxTxTransaction
                0x0000000008002c54       0x84 Drivers/STM32F4xx_HAL_Driver/Src/stm32f4xx_hal_spi.o
 .text.HAL_UART_Init
                0x0000000008002cd8       0x9a Drivers/STM32F4xx_HAL_Driver/Src/stm32f4xx_hal_uart.o
                0x0000000008002cd8                HAL_UART_Init
 *fill*         0x0000000008002d72        0x2 
 .text.HAL_UART_IRQHandler
                0x0000000008002d74      0x200 Drivers/STM32F4xx_HAL_Driver/Src/stm32f4xx_hal_uart.o
                0x0000000008002d74                HAL_UART_IRQHandler
 .text.HAL_UART_TxCpltCallback
                0x0000000008002f74       0x14 Drivers/STM32F4xx_HAL_Driver/Src/stm32f4xx_hal_uart.o
                0x0000000008002f74                HAL_UART_TxCpltCallback
 .text.HAL_UART_RxCpltCallback
                0x0000000008002f88       0x14 Drivers/STM32F4xx_HAL_Driver/Src/stm32f4xx_hal_uart.o
                0x0000000008002f88                HAL_UART_RxCpltCallback
 .text.HAL_UART_ErrorCallback
                0x0000000008002f9c       0x14 Drivers/STM32F4xx_HAL_Driver/Src/stm32f4xx_hal_uart.o
                0x0000000008002f9c                HAL_UART_ErrorCallback
 .text.UART_EndRxTransfer
                0x0000000008002fb0       0x3c Drivers/STM32F4xx_HAL_Driver/Src/stm32f4xx_hal_uart.o
 .text.UART_DMAAbortOnError
                0x0000000008002fec       0x28 Drivers/STM32F4xx_HAL_Driver/Src/stm32f4xx_hal_uart.o
 .text.UART_Transmit_IT
                0x0000000008003014       0xac Drivers/STM32F4xx_HAL_Driver/Src/stm32f4xx_hal_uart.o
 .text.UART_EndTransmit_IT
                0x00000000080030c0       0x30 Drivers/STM32F4xx_HAL_Driver/Src/stm32f4xx_hal_uart.o
 .text.UART_Receive_IT
                0x00000000080030f0      0x102 Drivers/STM32F4xx_HAL_Driver/Src/stm32f4xx_hal_uart.o
 *fill*         0x00000000080031f2        0x2 
 .text.UART_SetConfig
                0x00000000080031f4      0x6f8 Drivers/STM32F4xx_HAL_Driver/Src/stm32f4xx_hal_uart.o
 .text.__errno  0x00000000080038ec        0xc /Applications/STM32CubeIDE.app/Contents/Eclipse/plugins/com.st.stm32cube.ide.mcu.externaltools.gnu-tools-for-stm32.7-2018-q2-update.macos64_1.5.0.202011040924/tools/bin/../lib/gcc/arm-none-eabi/7.3.1/../../../../arm-none-eabi/lib/thumb/v7e-m/fpv4-sp/hard/libc_nano.a(lib_a-errno.o)
                0x00000000080038ec                __errno
 .text.__libc_init_array
                0x00000000080038f8       0x48 /Applications/STM32CubeIDE.app/Contents/Eclipse/plugins/com.st.stm32cube.ide.mcu.externaltools.gnu-tools-for-stm32.7-2018-q2-update.macos64_1.5.0.202011040924/tools/bin/../lib/gcc/arm-none-eabi/7.3.1/../../../../arm-none-eabi/lib/thumb/v7e-m/fpv4-sp/hard/libc_nano.a(lib_a-init.o)
                0x00000000080038f8                __libc_init_array
 .text.memcpy   0x0000000008003940       0x16 /Applications/STM32CubeIDE.app/Contents/Eclipse/plugins/com.st.stm32cube.ide.mcu.externaltools.gnu-tools-for-stm32.7-2018-q2-update.macos64_1.5.0.202011040924/tools/bin/../lib/gcc/arm-none-eabi/7.3.1/../../../../arm-none-eabi/lib/thumb/v7e-m/fpv4-sp/hard/libc_nano.a(lib_a-memcpy-stub.o)
                0x0000000008003940                memcpy
 .text.memset   0x0000000008003956       0x10 /Applications/STM32CubeIDE.app/Contents/Eclipse/plugins/com.st.stm32cube.ide.mcu.externaltools.gnu-tools-for-stm32.7-2018-q2-update.macos64_1.5.0.202011040924/tools/bin/../lib/gcc/arm-none-eabi/7.3.1/../../../../arm-none-eabi/lib/thumb/v7e-m/fpv4-sp/hard/libc_nano.a(lib_a-memset.o)
                0x0000000008003956                memset
 *fill*         0x0000000008003966        0x2 
 .text.snprintf
                0x0000000008003968       0x68 /Applications/STM32CubeIDE.app/Contents/Eclipse/plugins/com.st.stm32cube.ide.mcu.externaltools.gnu-tools-for-stm32.7-2018-q2-update.macos64_1.5.0.202011040924/tools/bin/../lib/gcc/arm-none-eabi/7.3.1/../../../../arm-none-eabi/lib/thumb/v7e-m/fpv4-sp/hard/libc_nano.a(lib_a-snprintf.o)
                0x0000000008003968                snprintf
                0x0000000008003968                sniprintf
 .text.sprintf  0x00000000080039d0       0x40 /Applications/STM32CubeIDE.app/Contents/Eclipse/plugins/com.st.stm32cube.ide.mcu.externaltools.gnu-tools-for-stm32.7-2018-q2-update.macos64_1.5.0.202011040924/tools/bin/../lib/gcc/arm-none-eabi/7.3.1/../../../../arm-none-eabi/lib/thumb/v7e-m/fpv4-sp/hard/libc_nano.a(lib_a-sprintf.o)
                0x00000000080039d0                sprintf
                0x00000000080039d0                siprintf
 .text.__ssputs_r
                0x0000000008003a10       0xb4 /Applications/STM32CubeIDE.app/Contents/Eclipse/plugins/com.st.stm32cube.ide.mcu.externaltools.gnu-tools-for-stm32.7-2018-q2-update.macos64_1.5.0.202011040924/tools/bin/../lib/gcc/arm-none-eabi/7.3.1/../../../../arm-none-eabi/lib/thumb/v7e-m/fpv4-sp/hard/libc_nano.a(lib_a-nano-svfprintf.o)
                0x0000000008003a10                __ssputs_r
 .text._svfprintf_r
                0x0000000008003ac4      0x1f0 /Applications/STM32CubeIDE.app/Contents/Eclipse/plugins/com.st.stm32cube.ide.mcu.externaltools.gnu-tools-for-stm32.7-2018-q2-update.macos64_1.5.0.202011040924/tools/bin/../lib/gcc/arm-none-eabi/7.3.1/../../../../arm-none-eabi/lib/thumb/v7e-m/fpv4-sp/hard/libc_nano.a(lib_a-nano-svfprintf.o)
                0x0000000008003ac4                _svfprintf_r
                0x0000000008003ac4                _svfiprintf_r
 .text._printf_common
                0x0000000008003cb4       0xea /Applications/STM32CubeIDE.app/Contents/Eclipse/plugins/com.st.stm32cube.ide.mcu.externaltools.gnu-tools-for-stm32.7-2018-q2-update.macos64_1.5.0.202011040924/tools/bin/../lib/gcc/arm-none-eabi/7.3.1/../../../../arm-none-eabi/lib/thumb/v7e-m/fpv4-sp/hard/libc_nano.a(lib_a-nano-vfprintf_i.o)
                0x0000000008003cb4                _printf_common
 *fill*         0x0000000008003d9e        0x2 
 .text._printf_i
                0x0000000008003da0      0x224 /Applications/STM32CubeIDE.app/Contents/Eclipse/plugins/com.st.stm32cube.ide.mcu.externaltools.gnu-tools-for-stm32.7-2018-q2-update.macos64_1.5.0.202011040924/tools/bin/../lib/gcc/arm-none-eabi/7.3.1/../../../../arm-none-eabi/lib/thumb/v7e-m/fpv4-sp/hard/libc_nano.a(lib_a-nano-vfprintf_i.o)
                0x0000000008003da0                _printf_i
 .text.memmove  0x0000000008003fc4       0x32 /Applications/STM32CubeIDE.app/Contents/Eclipse/plugins/com.st.stm32cube.ide.mcu.externaltools.gnu-tools-for-stm32.7-2018-q2-update.macos64_1.5.0.202011040924/tools/bin/../lib/gcc/arm-none-eabi/7.3.1/../../../../arm-none-eabi/lib/thumb/v7e-m/fpv4-sp/hard/libc_nano.a(lib_a-memmove.o)
                0x0000000008003fc4                memmove
 *fill*         0x0000000008003ff6        0x2 
 .text._free_r  0x0000000008003ff8       0x9c /Applications/STM32CubeIDE.app/Contents/Eclipse/plugins/com.st.stm32cube.ide.mcu.externaltools.gnu-tools-for-stm32.7-2018-q2-update.macos64_1.5.0.202011040924/tools/bin/../lib/gcc/arm-none-eabi/7.3.1/../../../../arm-none-eabi/lib/thumb/v7e-m/fpv4-sp/hard/libc_nano.a(lib_a-nano-freer.o)
                0x0000000008003ff8                _free_r
 .text._malloc_r
                0x0000000008004094       0xb4 /Applications/STM32CubeIDE.app/Contents/Eclipse/plugins/com.st.stm32cube.ide.mcu.externaltools.gnu-tools-for-stm32.7-2018-q2-update.macos64_1.5.0.202011040924/tools/bin/../lib/gcc/arm-none-eabi/7.3.1/../../../../arm-none-eabi/lib/thumb/v7e-m/fpv4-sp/hard/libc_nano.a(lib_a-nano-mallocr.o)
                0x0000000008004094                _malloc_r
 .text._realloc_r
                0x0000000008004148       0x4c /Applications/STM32CubeIDE.app/Contents/Eclipse/plugins/com.st.stm32cube.ide.mcu.externaltools.gnu-tools-for-stm32.7-2018-q2-update.macos64_1.5.0.202011040924/tools/bin/../lib/gcc/arm-none-eabi/7.3.1/../../../../arm-none-eabi/lib/thumb/v7e-m/fpv4-sp/hard/libc_nano.a(lib_a-nano-reallocr.o)
                0x0000000008004148                _realloc_r
 .text._sbrk_r  0x0000000008004194       0x20 /Applications/STM32CubeIDE.app/Contents/Eclipse/plugins/com.st.stm32cube.ide.mcu.externaltools.gnu-tools-for-stm32.7-2018-q2-update.macos64_1.5.0.202011040924/tools/bin/../lib/gcc/arm-none-eabi/7.3.1/../../../../arm-none-eabi/lib/thumb/v7e-m/fpv4-sp/hard/libc_nano.a(lib_a-sbrkr.o)
                0x0000000008004194                _sbrk_r
 .text.__malloc_lock
                0x00000000080041b4        0x2 /Applications/STM32CubeIDE.app/Contents/Eclipse/plugins/com.st.stm32cube.ide.mcu.externaltools.gnu-tools-for-stm32.7-2018-q2-update.macos64_1.5.0.202011040924/tools/bin/../lib/gcc/arm-none-eabi/7.3.1/../../../../arm-none-eabi/lib/thumb/v7e-m/fpv4-sp/hard/libc_nano.a(lib_a-mlock.o)
                0x00000000080041b4                __malloc_lock
 .text.__malloc_unlock
                0x00000000080041b6        0x2 /Applications/STM32CubeIDE.app/Contents/Eclipse/plugins/com.st.stm32cube.ide.mcu.externaltools.gnu-tools-for-stm32.7-2018-q2-update.macos64_1.5.0.202011040924/tools/bin/../lib/gcc/arm-none-eabi/7.3.1/../../../../arm-none-eabi/lib/thumb/v7e-m/fpv4-sp/hard/libc_nano.a(lib_a-mlock.o)
                0x00000000080041b6                __malloc_unlock
 .text._malloc_usable_size_r
                0x00000000080041b8       0x10 /Applications/STM32CubeIDE.app/Contents/Eclipse/plugins/com.st.stm32cube.ide.mcu.externaltools.gnu-tools-for-stm32.7-2018-q2-update.macos64_1.5.0.202011040924/tools/bin/../lib/gcc/arm-none-eabi/7.3.1/../../../../arm-none-eabi/lib/thumb/v7e-m/fpv4-sp/hard/libc_nano.a(lib_a-nano-msizer.o)
                0x00000000080041b8                _malloc_usable_size_r
 *(.glue_7)
 .glue_7        0x00000000080041c8        0x0 linker stubs
 *(.glue_7t)
 .glue_7t       0x00000000080041c8        0x0 linker stubs
 *(.eh_frame)
 .eh_frame      0x00000000080041c8        0x0 /Applications/STM32CubeIDE.app/Contents/Eclipse/plugins/com.st.stm32cube.ide.mcu.externaltools.gnu-tools-for-stm32.7-2018-q2-update.macos64_1.5.0.202011040924/tools/bin/../lib/gcc/arm-none-eabi/7.3.1/thumb/v7e-m/fpv4-sp/hard/crtbegin.o
 *(.init)
 .init          0x00000000080041c8        0x4 /Applications/STM32CubeIDE.app/Contents/Eclipse/plugins/com.st.stm32cube.ide.mcu.externaltools.gnu-tools-for-stm32.7-2018-q2-update.macos64_1.5.0.202011040924/tools/bin/../lib/gcc/arm-none-eabi/7.3.1/thumb/v7e-m/fpv4-sp/hard/crti.o
                0x00000000080041c8                _init
 .init          0x00000000080041cc        0x8 /Applications/STM32CubeIDE.app/Contents/Eclipse/plugins/com.st.stm32cube.ide.mcu.externaltools.gnu-tools-for-stm32.7-2018-q2-update.macos64_1.5.0.202011040924/tools/bin/../lib/gcc/arm-none-eabi/7.3.1/thumb/v7e-m/fpv4-sp/hard/crtn.o
 *(.fini)
 .fini          0x00000000080041d4        0x4 /Applications/STM32CubeIDE.app/Contents/Eclipse/plugins/com.st.stm32cube.ide.mcu.externaltools.gnu-tools-for-stm32.7-2018-q2-update.macos64_1.5.0.202011040924/tools/bin/../lib/gcc/arm-none-eabi/7.3.1/thumb/v7e-m/fpv4-sp/hard/crti.o
                0x00000000080041d4                _fini
 .fini          0x00000000080041d8        0x8 /Applications/STM32CubeIDE.app/Contents/Eclipse/plugins/com.st.stm32cube.ide.mcu.externaltools.gnu-tools-for-stm32.7-2018-q2-update.macos64_1.5.0.202011040924/tools/bin/../lib/gcc/arm-none-eabi/7.3.1/thumb/v7e-m/fpv4-sp/hard/crtn.o
                0x00000000080041e0                . = ALIGN (0x4)
                0x00000000080041e0                _etext = .

.vfp11_veneer   0x00000000080041e0        0x0
 .vfp11_veneer  0x00000000080041e0        0x0 linker stubs

.v4_bx          0x00000000080041e0        0x0
 .v4_bx         0x00000000080041e0        0x0 linker stubs

.iplt           0x00000000080041e0        0x0
 .iplt          0x00000000080041e0        0x0 /Applications/STM32CubeIDE.app/Contents/Eclipse/plugins/com.st.stm32cube.ide.mcu.externaltools.gnu-tools-for-stm32.7-2018-q2-update.macos64_1.5.0.202011040924/tools/bin/../lib/gcc/arm-none-eabi/7.3.1/thumb/v7e-m/fpv4-sp/hard/crtbegin.o

.rodata         0x00000000080041e0      0x6c4
                0x00000000080041e0                . = ALIGN (0x4)
 *(.rodata)
 .rodata        0x00000000080041e0      0x13e Core/Src/FUNCTIONS.o
 *fill*         0x000000000800431e        0x2 
 .rodata        0x0000000008004320       0x35 Core/Src/main.o
 *(.rodata*)
 *fill*         0x0000000008004355        0x3 
 .rodata.font1  0x0000000008004358      0x500 Core/Src/MY_ILI9341.o
 .rodata.AHBPrescTable
                0x0000000008004858       0x10 Core/Src/system_stm32f4xx.o
                0x0000000008004858                AHBPrescTable
 .rodata.APBPrescTable
                0x0000000008004868        0x8 Core/Src/system_stm32f4xx.o
                0x0000000008004868                APBPrescTable
 .rodata._svfprintf_r.str1.1
                0x0000000008004870       0x11 /Applications/STM32CubeIDE.app/Contents/Eclipse/plugins/com.st.stm32cube.ide.mcu.externaltools.gnu-tools-for-stm32.7-2018-q2-update.macos64_1.5.0.202011040924/tools/bin/../lib/gcc/arm-none-eabi/7.3.1/../../../../arm-none-eabi/lib/thumb/v7e-m/fpv4-sp/hard/libc_nano.a(lib_a-nano-svfprintf.o)
 .rodata._printf_i.str1.1
                0x0000000008004881       0x22 /Applications/STM32CubeIDE.app/Contents/Eclipse/plugins/com.st.stm32cube.ide.mcu.externaltools.gnu-tools-for-stm32.7-2018-q2-update.macos64_1.5.0.202011040924/tools/bin/../lib/gcc/arm-none-eabi/7.3.1/../../../../arm-none-eabi/lib/thumb/v7e-m/fpv4-sp/hard/libc_nano.a(lib_a-nano-vfprintf_i.o)
                0x00000000080048a4                . = ALIGN (0x4)
 *fill*         0x00000000080048a3        0x1 

.ARM.extab      0x00000000080048a4        0x0
                0x00000000080048a4                . = ALIGN (0x4)
 *(.ARM.extab* .gnu.linkonce.armextab.*)
                0x00000000080048a4                . = ALIGN (0x4)

.ARM            0x00000000080048a4        0x8
                0x00000000080048a4                . = ALIGN (0x4)
                0x00000000080048a4                __exidx_start = .
 *(.ARM.exidx*)
 .ARM.exidx     0x00000000080048a4        0x8 /Applications/STM32CubeIDE.app/Contents/Eclipse/plugins/com.st.stm32cube.ide.mcu.externaltools.gnu-tools-for-stm32.7-2018-q2-update.macos64_1.5.0.202011040924/tools/bin/../lib/gcc/arm-none-eabi/7.3.1/thumb/v7e-m/fpv4-sp/hard/libgcc.a(_udivmoddi4.o)
                0x00000000080048ac                __exidx_end = .
                0x00000000080048ac                . = ALIGN (0x4)

.rel.dyn        0x00000000080048ac        0x0
 .rel.iplt      0x00000000080048ac        0x0 /Applications/STM32CubeIDE.app/Contents/Eclipse/plugins/com.st.stm32cube.ide.mcu.externaltools.gnu-tools-for-stm32.7-2018-q2-update.macos64_1.5.0.202011040924/tools/bin/../lib/gcc/arm-none-eabi/7.3.1/thumb/v7e-m/fpv4-sp/hard/crtbegin.o

.preinit_array  0x00000000080048ac        0x0
                0x00000000080048ac                . = ALIGN (0x4)
                0x00000000080048ac                PROVIDE (__preinit_array_start = .)
 *(.preinit_array*)
                0x00000000080048ac                PROVIDE (__preinit_array_end = .)
                0x00000000080048ac                . = ALIGN (0x4)

.init_array     0x00000000080048ac        0x4
                0x00000000080048ac                . = ALIGN (0x4)
                0x00000000080048ac                PROVIDE (__init_array_start = .)
 *(SORT_BY_NAME(.init_array.*))
 *(.init_array*)
 .init_array    0x00000000080048ac        0x4 /Applications/STM32CubeIDE.app/Contents/Eclipse/plugins/com.st.stm32cube.ide.mcu.externaltools.gnu-tools-for-stm32.7-2018-q2-update.macos64_1.5.0.202011040924/tools/bin/../lib/gcc/arm-none-eabi/7.3.1/thumb/v7e-m/fpv4-sp/hard/crtbegin.o
                0x00000000080048b0                PROVIDE (__init_array_end = .)
                0x00000000080048b0                . = ALIGN (0x4)

.fini_array     0x00000000080048b0        0x4
                0x00000000080048b0                . = ALIGN (0x4)
                [!provide]                        PROVIDE (__fini_array_start = .)
 *(SORT_BY_NAME(.fini_array.*))
 *(.fini_array*)
 .fini_array    0x00000000080048b0        0x4 /Applications/STM32CubeIDE.app/Contents/Eclipse/plugins/com.st.stm32cube.ide.mcu.externaltools.gnu-tools-for-stm32.7-2018-q2-update.macos64_1.5.0.202011040924/tools/bin/../lib/gcc/arm-none-eabi/7.3.1/thumb/v7e-m/fpv4-sp/hard/crtbegin.o
                [!provide]                        PROVIDE (__fini_array_end = .)
                0x00000000080048b4                . = ALIGN (0x4)
                0x00000000080048b4                _sidata = LOADADDR (.data)

.data           0x0000000020000000       0x74 load address 0x00000000080048b4
                0x0000000020000000                . = ALIGN (0x4)
                0x0000000020000000                _sdata = .
 *(.data)
 *(.data*)
 .data.rotationNum
                0x0000000020000000        0x1 Core/Src/MY_ILI9341.o
 *fill*         0x0000000020000001        0x3 
 .data.SystemCoreClock
                0x0000000020000004        0x4 Core/Src/system_stm32f4xx.o
                0x0000000020000004                SystemCoreClock
 .data.uwTickPrio
                0x0000000020000008        0x4 Drivers/STM32F4xx_HAL_Driver/Src/stm32f4xx_hal.o
                0x0000000020000008                uwTickPrio
 .data.uwTickFreq
                0x000000002000000c        0x1 Drivers/STM32F4xx_HAL_Driver/Src/stm32f4xx_hal.o
                0x000000002000000c                uwTickFreq
 *fill*         0x000000002000000d        0x3 
 .data._impure_ptr
                0x0000000020000010        0x4 /Applications/STM32CubeIDE.app/Contents/Eclipse/plugins/com.st.stm32cube.ide.mcu.externaltools.gnu-tools-for-stm32.7-2018-q2-update.macos64_1.5.0.202011040924/tools/bin/../lib/gcc/arm-none-eabi/7.3.1/../../../../arm-none-eabi/lib/thumb/v7e-m/fpv4-sp/hard/libc_nano.a(lib_a-impure.o)
                0x0000000020000010                _impure_ptr
 .data.impure_data
                0x0000000020000014       0x60 /Applications/STM32CubeIDE.app/Contents/Eclipse/plugins/com.st.stm32cube.ide.mcu.externaltools.gnu-tools-for-stm32.7-2018-q2-update.macos64_1.5.0.202011040924/tools/bin/../lib/gcc/arm-none-eabi/7.3.1/../../../../arm-none-eabi/lib/thumb/v7e-m/fpv4-sp/hard/libc_nano.a(lib_a-impure.o)
 *(.RamFunc)
 *(.RamFunc*)
                0x0000000020000074                . = ALIGN (0x4)
                0x0000000020000074                _edata = .

.igot.plt       0x0000000020000074        0x0 load address 0x0000000008004928
 .igot.plt      0x0000000020000074        0x0 /Applications/STM32CubeIDE.app/Contents/Eclipse/plugins/com.st.stm32cube.ide.mcu.externaltools.gnu-tools-for-stm32.7-2018-q2-update.macos64_1.5.0.202011040924/tools/bin/../lib/gcc/arm-none-eabi/7.3.1/thumb/v7e-m/fpv4-sp/hard/crtbegin.o
                0x0000000020000074                . = ALIGN (0x4)

.bss            0x0000000020000074      0x24c load address 0x0000000008004928
                0x0000000020000074                _sbss = .
                0x0000000020000074                __bss_start__ = _sbss
 *(.bss)
 .bss           0x0000000020000074       0x1c /Applications/STM32CubeIDE.app/Contents/Eclipse/plugins/com.st.stm32cube.ide.mcu.externaltools.gnu-tools-for-stm32.7-2018-q2-update.macos64_1.5.0.202011040924/tools/bin/../lib/gcc/arm-none-eabi/7.3.1/thumb/v7e-m/fpv4-sp/hard/crtbegin.o
 *(.bss*)
 .bss._cp437    0x0000000020000090        0x1 Core/Src/MY_ILI9341.o
 *fill*         0x0000000020000091        0x3 
 .bss.lcdSPIhandle
                0x0000000020000094       0x58 Core/Src/MY_ILI9341.o
 .bss.tftCS_GPIO
                0x00000000200000ec        0x4 Core/Src/MY_ILI9341.o
 .bss.tftCS_PIN
                0x00000000200000f0        0x2 Core/Src/MY_ILI9341.o
 *fill*         0x00000000200000f2        0x2 
 .bss.tftDC_GPIO
                0x00000000200000f4        0x4 Core/Src/MY_ILI9341.o
 .bss.tftDC_PIN
                0x00000000200000f8        0x2 Core/Src/MY_ILI9341.o
 *fill*         0x00000000200000fa        0x2 
 .bss.tftRESET_GPIO
                0x00000000200000fc        0x4 Core/Src/MY_ILI9341.o
 .bss.tftRESET_PIN
                0x0000000020000100        0x2 Core/Src/MY_ILI9341.o
 *fill*         0x0000000020000102        0x2 
 .bss.rx_buffer
                0x0000000020000104       0x48 Core/Src/UartRingbuffer.o
                0x0000000020000104                rx_buffer
 .bss.tx_buffer
                0x000000002000014c       0x48 Core/Src/UartRingbuffer.o
                0x000000002000014c                tx_buffer
 .bss.__sbrk_heap_end
                0x0000000020000194        0x4 Core/Src/sysmem.o
 .bss.__malloc_free_list
                0x0000000020000198        0x4 /Applications/STM32CubeIDE.app/Contents/Eclipse/plugins/com.st.stm32cube.ide.mcu.externaltools.gnu-tools-for-stm32.7-2018-q2-update.macos64_1.5.0.202011040924/tools/bin/../lib/gcc/arm-none-eabi/7.3.1/../../../../arm-none-eabi/lib/thumb/v7e-m/fpv4-sp/hard/libc_nano.a(lib_a-nano-mallocr.o)
                0x0000000020000198                __malloc_free_list
 .bss.__malloc_sbrk_start
                0x000000002000019c        0x4 /Applications/STM32CubeIDE.app/Contents/Eclipse/plugins/com.st.stm32cube.ide.mcu.externaltools.gnu-tools-for-stm32.7-2018-q2-update.macos64_1.5.0.202011040924/tools/bin/../lib/gcc/arm-none-eabi/7.3.1/../../../../arm-none-eabi/lib/thumb/v7e-m/fpv4-sp/hard/libc_nano.a(lib_a-nano-mallocr.o)
                0x000000002000019c                __malloc_sbrk_start
 *(COMMON)
 COMMON         0x00000000200001a0       0x48 Core/Src/UartRingbuffer.o
                0x00000000200001a0                _tx_buffer
                0x00000000200001a4                _rx_buffer
                0x00000000200001a8                huart1
 COMMON         0x00000000200001e8       0xce Core/Src/main.o
                0x00000000200001e8                Total
                0x000000002000024c                Deaths
                0x0000000020000254                hspi1
                0x00000000200002ac                Recovered
 *fill*         0x00000000200002b6        0x2 
 COMMON         0x00000000200002b8        0x4 Drivers/STM32F4xx_HAL_Driver/Src/stm32f4xx_hal.o
                0x00000000200002b8                uwTick
 COMMON         0x00000000200002bc        0x4 /Applications/STM32CubeIDE.app/Contents/Eclipse/plugins/com.st.stm32cube.ide.mcu.externaltools.gnu-tools-for-stm32.7-2018-q2-update.macos64_1.5.0.202011040924/tools/bin/../lib/gcc/arm-none-eabi/7.3.1/../../../../arm-none-eabi/lib/thumb/v7e-m/fpv4-sp/hard/libc_nano.a(lib_a-reent.o)
                0x00000000200002bc                errno
                0x00000000200002c0                . = ALIGN (0x4)
                0x00000000200002c0                _ebss = .
                0x00000000200002c0                __bss_end__ = _ebss

._user_heap_stack
                0x00000000200002c0      0x600 load address 0x0000000008004928
                0x00000000200002c0                . = ALIGN (0x8)
                [!provide]                        PROVIDE (end = .)
                0x00000000200002c0                PROVIDE (_end = .)
                0x00000000200004c0                . = (. + _Min_Heap_Size)
 *fill*         0x00000000200002c0      0x200 
                0x00000000200008c0                . = (. + _Min_Stack_Size)
 *fill*         0x00000000200004c0      0x400 
                0x00000000200008c0                . = ALIGN (0x8)

/DISCARD/
 libc.a(*)
 libm.a(*)
 libgcc.a(*)

.ARM.attributes
                0x0000000000000000       0x30
 *(.ARM.attributes)
 .ARM.attributes
                0x0000000000000000       0x22 /Applications/STM32CubeIDE.app/Contents/Eclipse/plugins/com.st.stm32cube.ide.mcu.externaltools.gnu-tools-for-stm32.7-2018-q2-update.macos64_1.5.0.202011040924/tools/bin/../lib/gcc/arm-none-eabi/7.3.1/thumb/v7e-m/fpv4-sp/hard/crti.o
 .ARM.attributes
                0x0000000000000022       0x34 /Applications/STM32CubeIDE.app/Contents/Eclipse/plugins/com.st.stm32cube.ide.mcu.externaltools.gnu-tools-for-stm32.7-2018-q2-update.macos64_1.5.0.202011040924/tools/bin/../lib/gcc/arm-none-eabi/7.3.1/thumb/v7e-m/fpv4-sp/hard/crtbegin.o
 .ARM.attributes
                0x0000000000000056       0x39 Core/Src/FUNCTIONS.o
 .ARM.attributes
                0x000000000000008f       0x39 Core/Src/MY_ILI9341.o
 .ARM.attributes
                0x00000000000000c8       0x39 Core/Src/UartRingbuffer.o
 .ARM.attributes
                0x0000000000000101       0x39 Core/Src/main.o
 .ARM.attributes
                0x000000000000013a       0x39 Core/Src/stm32f4xx_hal_msp.o
 .ARM.attributes
                0x0000000000000173       0x39 Core/Src/stm32f4xx_it.o
 .ARM.attributes
                0x00000000000001ac       0x39 Core/Src/sysmem.o
 .ARM.attributes
                0x00000000000001e5       0x39 Core/Src/system_stm32f4xx.o
 .ARM.attributes
                0x000000000000021e       0x21 Core/Startup/startup_stm32f407vgtx.o
 .ARM.attributes
                0x000000000000023f       0x39 Drivers/STM32F4xx_HAL_Driver/Src/stm32f4xx_hal.o
 .ARM.attributes
                0x0000000000000278       0x39 Drivers/STM32F4xx_HAL_Driver/Src/stm32f4xx_hal_cortex.o
 .ARM.attributes
                0x00000000000002b1       0x39 Drivers/STM32F4xx_HAL_Driver/Src/stm32f4xx_hal_dma.o
 .ARM.attributes
                0x00000000000002ea       0x39 Drivers/STM32F4xx_HAL_Driver/Src/stm32f4xx_hal_gpio.o
 .ARM.attributes
                0x0000000000000323       0x39 Drivers/STM32F4xx_HAL_Driver/Src/stm32f4xx_hal_rcc.o
 .ARM.attributes
                0x000000000000035c       0x39 Drivers/STM32F4xx_HAL_Driver/Src/stm32f4xx_hal_spi.o
 .ARM.attributes
                0x0000000000000395       0x39 Drivers/STM32F4xx_HAL_Driver/Src/stm32f4xx_hal_uart.o
 .ARM.attributes
                0x00000000000003ce       0x34 /Applications/STM32CubeIDE.app/Contents/Eclipse/plugins/com.st.stm32cube.ide.mcu.externaltools.gnu-tools-for-stm32.7-2018-q2-update.macos64_1.5.0.202011040924/tools/bin/../lib/gcc/arm-none-eabi/7.3.1/../../../../arm-none-eabi/lib/thumb/v7e-m/fpv4-sp/hard/libc_nano.a(lib_a-errno.o)
 .ARM.attributes
                0x0000000000000402       0x34 /Applications/STM32CubeIDE.app/Contents/Eclipse/plugins/com.st.stm32cube.ide.mcu.externaltools.gnu-tools-for-stm32.7-2018-q2-update.macos64_1.5.0.202011040924/tools/bin/../lib/gcc/arm-none-eabi/7.3.1/../../../../arm-none-eabi/lib/thumb/v7e-m/fpv4-sp/hard/libc_nano.a(lib_a-impure.o)
 .ARM.attributes
                0x0000000000000436       0x34 /Applications/STM32CubeIDE.app/Contents/Eclipse/plugins/com.st.stm32cube.ide.mcu.externaltools.gnu-tools-for-stm32.7-2018-q2-update.macos64_1.5.0.202011040924/tools/bin/../lib/gcc/arm-none-eabi/7.3.1/../../../../arm-none-eabi/lib/thumb/v7e-m/fpv4-sp/hard/libc_nano.a(lib_a-init.o)
 .ARM.attributes
                0x000000000000046a       0x34 /Applications/STM32CubeIDE.app/Contents/Eclipse/plugins/com.st.stm32cube.ide.mcu.externaltools.gnu-tools-for-stm32.7-2018-q2-update.macos64_1.5.0.202011040924/tools/bin/../lib/gcc/arm-none-eabi/7.3.1/../../../../arm-none-eabi/lib/thumb/v7e-m/fpv4-sp/hard/libc_nano.a(lib_a-memcpy-stub.o)
 .ARM.attributes
                0x000000000000049e       0x34 /Applications/STM32CubeIDE.app/Contents/Eclipse/plugins/com.st.stm32cube.ide.mcu.externaltools.gnu-tools-for-stm32.7-2018-q2-update.macos64_1.5.0.202011040924/tools/bin/../lib/gcc/arm-none-eabi/7.3.1/../../../../arm-none-eabi/lib/thumb/v7e-m/fpv4-sp/hard/libc_nano.a(lib_a-memset.o)
 .ARM.attributes
                0x00000000000004d2       0x34 /Applications/STM32CubeIDE.app/Contents/Eclipse/plugins/com.st.stm32cube.ide.mcu.externaltools.gnu-tools-for-stm32.7-2018-q2-update.macos64_1.5.0.202011040924/tools/bin/../lib/gcc/arm-none-eabi/7.3.1/../../../../arm-none-eabi/lib/thumb/v7e-m/fpv4-sp/hard/libc_nano.a(lib_a-snprintf.o)
 .ARM.attributes
                0x0000000000000506       0x34 /Applications/STM32CubeIDE.app/Contents/Eclipse/plugins/com.st.stm32cube.ide.mcu.externaltools.gnu-tools-for-stm32.7-2018-q2-update.macos64_1.5.0.202011040924/tools/bin/../lib/gcc/arm-none-eabi/7.3.1/../../../../arm-none-eabi/lib/thumb/v7e-m/fpv4-sp/hard/libc_nano.a(lib_a-sprintf.o)
 .ARM.attributes
                0x000000000000053a       0x1b /Applications/STM32CubeIDE.app/Contents/Eclipse/plugins/com.st.stm32cube.ide.mcu.externaltools.gnu-tools-for-stm32.7-2018-q2-update.macos64_1.5.0.202011040924/tools/bin/../lib/gcc/arm-none-eabi/7.3.1/../../../../arm-none-eabi/lib/thumb/v7e-m/fpv4-sp/hard/libc_nano.a(lib_a-strlen.o)
 .ARM.attributes
                0x0000000000000555       0x34 /Applications/STM32CubeIDE.app/Contents/Eclipse/plugins/com.st.stm32cube.ide.mcu.externaltools.gnu-tools-for-stm32.7-2018-q2-update.macos64_1.5.0.202011040924/tools/bin/../lib/gcc/arm-none-eabi/7.3.1/../../../../arm-none-eabi/lib/thumb/v7e-m/fpv4-sp/hard/libc_nano.a(lib_a-nano-svfprintf.o)
 .ARM.attributes
                0x0000000000000589       0x34 /Applications/STM32CubeIDE.app/Contents/Eclipse/plugins/com.st.stm32cube.ide.mcu.externaltools.gnu-tools-for-stm32.7-2018-q2-update.macos64_1.5.0.202011040924/tools/bin/../lib/gcc/arm-none-eabi/7.3.1/../../../../arm-none-eabi/lib/thumb/v7e-m/fpv4-sp/hard/libc_nano.a(lib_a-nano-vfprintf_i.o)
 .ARM.attributes
                0x00000000000005bd       0x20 /Applications/STM32CubeIDE.app/Contents/Eclipse/plugins/com.st.stm32cube.ide.mcu.externaltools.gnu-tools-for-stm32.7-2018-q2-update.macos64_1.5.0.202011040924/tools/bin/../lib/gcc/arm-none-eabi/7.3.1/../../../../arm-none-eabi/lib/thumb/v7e-m/fpv4-sp/hard/libc_nano.a(lib_a-memchr.o)
 .ARM.attributes
                0x00000000000005dd       0x34 /Applications/STM32CubeIDE.app/Contents/Eclipse/plugins/com.st.stm32cube.ide.mcu.externaltools.gnu-tools-for-stm32.7-2018-q2-update.macos64_1.5.0.202011040924/tools/bin/../lib/gcc/arm-none-eabi/7.3.1/../../../../arm-none-eabi/lib/thumb/v7e-m/fpv4-sp/hard/libc_nano.a(lib_a-memmove.o)
 .ARM.attributes
                0x0000000000000611       0x34 /Applications/STM32CubeIDE.app/Contents/Eclipse/plugins/com.st.stm32cube.ide.mcu.externaltools.gnu-tools-for-stm32.7-2018-q2-update.macos64_1.5.0.202011040924/tools/bin/../lib/gcc/arm-none-eabi/7.3.1/../../../../arm-none-eabi/lib/thumb/v7e-m/fpv4-sp/hard/libc_nano.a(lib_a-nano-freer.o)
 .ARM.attributes
                0x0000000000000645       0x34 /Applications/STM32CubeIDE.app/Contents/Eclipse/plugins/com.st.stm32cube.ide.mcu.externaltools.gnu-tools-for-stm32.7-2018-q2-update.macos64_1.5.0.202011040924/tools/bin/../lib/gcc/arm-none-eabi/7.3.1/../../../../arm-none-eabi/lib/thumb/v7e-m/fpv4-sp/hard/libc_nano.a(lib_a-nano-mallocr.o)
 .ARM.attributes
                0x0000000000000679       0x34 /Applications/STM32CubeIDE.app/Contents/Eclipse/plugins/com.st.stm32cube.ide.mcu.externaltools.gnu-tools-for-stm32.7-2018-q2-update.macos64_1.5.0.202011040924/tools/bin/../lib/gcc/arm-none-eabi/7.3.1/../../../../arm-none-eabi/lib/thumb/v7e-m/fpv4-sp/hard/libc_nano.a(lib_a-nano-reallocr.o)
 .ARM.attributes
                0x00000000000006ad       0x34 /Applications/STM32CubeIDE.app/Contents/Eclipse/plugins/com.st.stm32cube.ide.mcu.externaltools.gnu-tools-for-stm32.7-2018-q2-update.macos64_1.5.0.202011040924/tools/bin/../lib/gcc/arm-none-eabi/7.3.1/../../../../arm-none-eabi/lib/thumb/v7e-m/fpv4-sp/hard/libc_nano.a(lib_a-sbrkr.o)
 .ARM.attributes
                0x00000000000006e1       0x34 /Applications/STM32CubeIDE.app/Contents/Eclipse/plugins/com.st.stm32cube.ide.mcu.externaltools.gnu-tools-for-stm32.7-2018-q2-update.macos64_1.5.0.202011040924/tools/bin/../lib/gcc/arm-none-eabi/7.3.1/../../../../arm-none-eabi/lib/thumb/v7e-m/fpv4-sp/hard/libc_nano.a(lib_a-mlock.o)
 .ARM.attributes
                0x0000000000000715       0x34 /Applications/STM32CubeIDE.app/Contents/Eclipse/plugins/com.st.stm32cube.ide.mcu.externaltools.gnu-tools-for-stm32.7-2018-q2-update.macos64_1.5.0.202011040924/tools/bin/../lib/gcc/arm-none-eabi/7.3.1/../../../../arm-none-eabi/lib/thumb/v7e-m/fpv4-sp/hard/libc_nano.a(lib_a-nano-msizer.o)
 .ARM.attributes
                0x0000000000000749       0x34 /Applications/STM32CubeIDE.app/Contents/Eclipse/plugins/com.st.stm32cube.ide.mcu.externaltools.gnu-tools-for-stm32.7-2018-q2-update.macos64_1.5.0.202011040924/tools/bin/../lib/gcc/arm-none-eabi/7.3.1/../../../../arm-none-eabi/lib/thumb/v7e-m/fpv4-sp/hard/libc_nano.a(lib_a-reent.o)
 .ARM.attributes
                0x000000000000077d       0x22 /Applications/STM32CubeIDE.app/Contents/Eclipse/plugins/com.st.stm32cube.ide.mcu.externaltools.gnu-tools-for-stm32.7-2018-q2-update.macos64_1.5.0.202011040924/tools/bin/../lib/gcc/arm-none-eabi/7.3.1/thumb/v7e-m/fpv4-sp/hard/libgcc.a(_aeabi_uldivmod.o)
 .ARM.attributes
                0x000000000000079f       0x34 /Applications/STM32CubeIDE.app/Contents/Eclipse/plugins/com.st.stm32cube.ide.mcu.externaltools.gnu-tools-for-stm32.7-2018-q2-update.macos64_1.5.0.202011040924/tools/bin/../lib/gcc/arm-none-eabi/7.3.1/thumb/v7e-m/fpv4-sp/hard/libgcc.a(_udivmoddi4.o)
 .ARM.attributes
                0x00000000000007d3       0x22 /Applications/STM32CubeIDE.app/Contents/Eclipse/plugins/com.st.stm32cube.ide.mcu.externaltools.gnu-tools-for-stm32.7-2018-q2-update.macos64_1.5.0.202011040924/tools/bin/../lib/gcc/arm-none-eabi/7.3.1/thumb/v7e-m/fpv4-sp/hard/libgcc.a(_dvmd_tls.o)
 .ARM.attributes
                0x00000000000007f5       0x22 /Applications/STM32CubeIDE.app/Contents/Eclipse/plugins/com.st.stm32cube.ide.mcu.externaltools.gnu-tools-for-stm32.7-2018-q2-update.macos64_1.5.0.202011040924/tools/bin/../lib/gcc/arm-none-eabi/7.3.1/thumb/v7e-m/fpv4-sp/hard/crtn.o
OUTPUT(senior_design.elf elf32-littlearm)

.debug_info     0x0000000000000000     0xdc2e
 .debug_info    0x0000000000000000      0xab3 Core/Src/FUNCTIONS.o
 .debug_info    0x0000000000000ab3     0x1ae6 Core/Src/MY_ILI9341.o
 .debug_info    0x0000000000002599     0x1238 Core/Src/UartRingbuffer.o
 .debug_info    0x00000000000037d1     0x1646 Core/Src/main.o
 .debug_info    0x0000000000004e17     0x1668 Core/Src/stm32f4xx_hal_msp.o
 .debug_info    0x000000000000647f      0xea0 Core/Src/stm32f4xx_it.o
 .debug_info    0x000000000000731f      0x985 Core/Src/sysmem.o
 .debug_info    0x0000000000007ca4      0x554 Core/Src/system_stm32f4xx.o
 .debug_info    0x00000000000081f8       0x22 Core/Startup/startup_stm32f407vgtx.o
 .debug_info    0x000000000000821a      0x945 Drivers/STM32F4xx_HAL_Driver/Src/stm32f4xx_hal.o
 .debug_info    0x0000000000008b5f      0xe28 Drivers/STM32F4xx_HAL_Driver/Src/stm32f4xx_hal_cortex.o
 .debug_info    0x0000000000009987      0x968 Drivers/STM32F4xx_HAL_Driver/Src/stm32f4xx_hal_dma.o
 .debug_info    0x000000000000a2ef      0x7b5 Drivers/STM32F4xx_HAL_Driver/Src/stm32f4xx_hal_gpio.o
 .debug_info    0x000000000000aaa4      0x904 Drivers/STM32F4xx_HAL_Driver/Src/stm32f4xx_hal_rcc.o
 .debug_info    0x000000000000b3a8     0x163a Drivers/STM32F4xx_HAL_Driver/Src/stm32f4xx_hal_spi.o
 .debug_info    0x000000000000c9e2     0x124c Drivers/STM32F4xx_HAL_Driver/Src/stm32f4xx_hal_uart.o

.debug_abbrev   0x0000000000000000     0x1f96
 .debug_abbrev  0x0000000000000000      0x1f4 Core/Src/FUNCTIONS.o
 .debug_abbrev  0x00000000000001f4      0x263 Core/Src/MY_ILI9341.o
 .debug_abbrev  0x0000000000000457      0x2d5 Core/Src/UartRingbuffer.o
 .debug_abbrev  0x000000000000072c      0x267 Core/Src/main.o
 .debug_abbrev  0x0000000000000993      0x1f7 Core/Src/stm32f4xx_hal_msp.o
 .debug_abbrev  0x0000000000000b8a      0x1ba Core/Src/stm32f4xx_it.o
 .debug_abbrev  0x0000000000000d44      0x19b Core/Src/sysmem.o
 .debug_abbrev  0x0000000000000edf      0x12b Core/Src/system_stm32f4xx.o
 .debug_abbrev  0x000000000000100a       0x12 Core/Startup/startup_stm32f407vgtx.o
 .debug_abbrev  0x000000000000101c      0x1c7 Drivers/STM32F4xx_HAL_Driver/Src/stm32f4xx_hal.o
 .debug_abbrev  0x00000000000011e3      0x2fa Drivers/STM32F4xx_HAL_Driver/Src/stm32f4xx_hal_cortex.o
 .debug_abbrev  0x00000000000014dd      0x229 Drivers/STM32F4xx_HAL_Driver/Src/stm32f4xx_hal_dma.o
 .debug_abbrev  0x0000000000001706      0x1c9 Drivers/STM32F4xx_HAL_Driver/Src/stm32f4xx_hal_gpio.o
 .debug_abbrev  0x00000000000018cf      0x245 Drivers/STM32F4xx_HAL_Driver/Src/stm32f4xx_hal_rcc.o
 .debug_abbrev  0x0000000000001b14      0x240 Drivers/STM32F4xx_HAL_Driver/Src/stm32f4xx_hal_spi.o
 .debug_abbrev  0x0000000000001d54      0x242 Drivers/STM32F4xx_HAL_Driver/Src/stm32f4xx_hal_uart.o

.debug_aranges  0x0000000000000000      0x9f8
 .debug_aranges
                0x0000000000000000       0x30 Core/Src/FUNCTIONS.o
 .debug_aranges
                0x0000000000000030       0xc8 Core/Src/MY_ILI9341.o
 .debug_aranges
                0x00000000000000f8       0x88 Core/Src/UartRingbuffer.o
 .debug_aranges
                0x0000000000000180       0x48 Core/Src/main.o
 .debug_aranges
                0x00000000000001c8       0x40 Core/Src/stm32f4xx_hal_msp.o
 .debug_aranges
                0x0000000000000208       0x68 Core/Src/stm32f4xx_it.o
 .debug_aranges
                0x0000000000000270       0x20 Core/Src/sysmem.o
 .debug_aranges
                0x0000000000000290       0x28 Core/Src/system_stm32f4xx.o
 .debug_aranges
                0x00000000000002b8       0x28 Core/Startup/startup_stm32f407vgtx.o
 .debug_aranges
                0x00000000000002e0       0xf0 Drivers/STM32F4xx_HAL_Driver/Src/stm32f4xx_hal.o
 .debug_aranges
                0x00000000000003d0      0x118 Drivers/STM32F4xx_HAL_Driver/Src/stm32f4xx_hal_cortex.o
 .debug_aranges
                0x00000000000004e8       0x90 Drivers/STM32F4xx_HAL_Driver/Src/stm32f4xx_hal_dma.o
 .debug_aranges
                0x0000000000000578       0x58 Drivers/STM32F4xx_HAL_Driver/Src/stm32f4xx_hal_gpio.o
 .debug_aranges
                0x00000000000005d0       0x88 Drivers/STM32F4xx_HAL_Driver/Src/stm32f4xx_hal_rcc.o
 .debug_aranges
                0x0000000000000658      0x1d0 Drivers/STM32F4xx_HAL_Driver/Src/stm32f4xx_hal_spi.o
 .debug_aranges
                0x0000000000000828      0x1d0 Drivers/STM32F4xx_HAL_Driver/Src/stm32f4xx_hal_uart.o

.debug_ranges   0x0000000000000000      0x900
 .debug_ranges  0x0000000000000000       0x20 Core/Src/FUNCTIONS.o
 .debug_ranges  0x0000000000000020       0xb8 Core/Src/MY_ILI9341.o
 .debug_ranges  0x00000000000000d8       0x78 Core/Src/UartRingbuffer.o
 .debug_ranges  0x0000000000000150       0x38 Core/Src/main.o
 .debug_ranges  0x0000000000000188       0x30 Core/Src/stm32f4xx_hal_msp.o
 .debug_ranges  0x00000000000001b8       0x58 Core/Src/stm32f4xx_it.o
 .debug_ranges  0x0000000000000210       0x10 Core/Src/sysmem.o
 .debug_ranges  0x0000000000000220       0x18 Core/Src/system_stm32f4xx.o
 .debug_ranges  0x0000000000000238       0x20 Core/Startup/startup_stm32f407vgtx.o
 .debug_ranges  0x0000000000000258       0xe0 Drivers/STM32F4xx_HAL_Driver/Src/stm32f4xx_hal.o
 .debug_ranges  0x0000000000000338      0x108 Drivers/STM32F4xx_HAL_Driver/Src/stm32f4xx_hal_cortex.o
 .debug_ranges  0x0000000000000440       0x80 Drivers/STM32F4xx_HAL_Driver/Src/stm32f4xx_hal_dma.o
 .debug_ranges  0x00000000000004c0       0x48 Drivers/STM32F4xx_HAL_Driver/Src/stm32f4xx_hal_gpio.o
 .debug_ranges  0x0000000000000508       0x78 Drivers/STM32F4xx_HAL_Driver/Src/stm32f4xx_hal_rcc.o
 .debug_ranges  0x0000000000000580      0x1c0 Drivers/STM32F4xx_HAL_Driver/Src/stm32f4xx_hal_spi.o
 .debug_ranges  0x0000000000000740      0x1c0 Drivers/STM32F4xx_HAL_Driver/Src/stm32f4xx_hal_uart.o

.debug_macro    0x0000000000000000    0x21673
 .debug_macro   0x0000000000000000      0x3aa Core/Src/FUNCTIONS.o
 .debug_macro   0x00000000000003aa      0xa5a Core/Src/FUNCTIONS.o
 .debug_macro   0x0000000000000e04      0x294 Core/Src/FUNCTIONS.o
 .debug_macro   0x0000000000001098       0x2e Core/Src/FUNCTIONS.o
 .debug_macro   0x00000000000010c6       0x2f Core/Src/FUNCTIONS.o
 .debug_macro   0x00000000000010f5       0x22 Core/Src/FUNCTIONS.o
 .debug_macro   0x0000000000001117       0x8e Core/Src/FUNCTIONS.o
 .debug_macro   0x00000000000011a5       0x51 Core/Src/FUNCTIONS.o
 .debug_macro   0x00000000000011f6       0xef Core/Src/FUNCTIONS.o
 .debug_macro   0x00000000000012e5       0x6a Core/Src/FUNCTIONS.o
 .debug_macro   0x000000000000134f      0x1df Core/Src/FUNCTIONS.o
 .debug_macro   0x000000000000152e       0x1c Core/Src/FUNCTIONS.o
 .debug_macro   0x000000000000154a       0x22 Core/Src/FUNCTIONS.o
 .debug_macro   0x000000000000156c       0xdf Core/Src/FUNCTIONS.o
 .debug_macro   0x000000000000164b     0x102d Core/Src/FUNCTIONS.o
 .debug_macro   0x0000000000002678      0x11f Core/Src/FUNCTIONS.o
 .debug_macro   0x0000000000002797    0x15e3c Core/Src/FUNCTIONS.o
 .debug_macro   0x00000000000185d3       0x43 Core/Src/FUNCTIONS.o
 .debug_macro   0x0000000000018616     0x3659 Core/Src/FUNCTIONS.o
 .debug_macro   0x000000000001bc6f      0x174 Core/Src/FUNCTIONS.o
 .debug_macro   0x000000000001bde3       0x5a Core/Src/FUNCTIONS.o
 .debug_macro   0x000000000001be3d      0x96b Core/Src/FUNCTIONS.o
 .debug_macro   0x000000000001c7a8      0x9fe Core/Src/FUNCTIONS.o
 .debug_macro   0x000000000001d1a6      0x117 Core/Src/FUNCTIONS.o
 .debug_macro   0x000000000001d2bd      0x13e Core/Src/FUNCTIONS.o
 .debug_macro   0x000000000001d3fb       0x27 Core/Src/FUNCTIONS.o
 .debug_macro   0x000000000001d422      0x174 Core/Src/FUNCTIONS.o
 .debug_macro   0x000000000001d596      0x287 Core/Src/FUNCTIONS.o
 .debug_macro   0x000000000001d81d       0x5f Core/Src/FUNCTIONS.o
 .debug_macro   0x000000000001d87c      0x236 Core/Src/FUNCTIONS.o
 .debug_macro   0x000000000001dab2      0x12c Core/Src/FUNCTIONS.o
 .debug_macro   0x000000000001dbde      0x21e Core/Src/FUNCTIONS.o
 .debug_macro   0x000000000001ddfc       0x2e Core/Src/FUNCTIONS.o
 .debug_macro   0x000000000001de2a      0x11a Core/Src/FUNCTIONS.o
 .debug_macro   0x000000000001df44       0x7e Core/Src/FUNCTIONS.o
 .debug_macro   0x000000000001dfc2       0x89 Core/Src/FUNCTIONS.o
 .debug_macro   0x000000000001e04b      0x225 Core/Src/FUNCTIONS.o
 .debug_macro   0x000000000001e270      0x287 Core/Src/FUNCTIONS.o
 .debug_macro   0x000000000001e4f7      0x12d Core/Src/FUNCTIONS.o
 .debug_macro   0x000000000001e624       0x46 Core/Src/FUNCTIONS.o
 .debug_macro   0x000000000001e66a       0x18 Core/Src/FUNCTIONS.o
 .debug_macro   0x000000000001e682       0x3c Core/Src/FUNCTIONS.o
 .debug_macro   0x000000000001e6be       0x34 Core/Src/FUNCTIONS.o
 .debug_macro   0x000000000001e6f2       0x16 Core/Src/FUNCTIONS.o
 .debug_macro   0x000000000001e708       0x35 Core/Src/FUNCTIONS.o
 .debug_macro   0x000000000001e73d      0x32a Core/Src/FUNCTIONS.o
 .debug_macro   0x000000000001ea67       0x10 Core/Src/FUNCTIONS.o
 .debug_macro   0x000000000001ea77       0x52 Core/Src/FUNCTIONS.o
 .debug_macro   0x000000000001eac9       0x1f Core/Src/FUNCTIONS.o
 .debug_macro   0x000000000001eae8       0x43 Core/Src/FUNCTIONS.o
 .debug_macro   0x000000000001eb2b       0x20 Core/Src/FUNCTIONS.o
 .debug_macro   0x000000000001eb4b      0x1a3 Core/Src/FUNCTIONS.o
 .debug_macro   0x000000000001ecee       0x10 Core/Src/FUNCTIONS.o
 .debug_macro   0x000000000001ecfe       0x1c Core/Src/FUNCTIONS.o
 .debug_macro   0x000000000001ed1a       0x52 Core/Src/FUNCTIONS.o
 .debug_macro   0x000000000001ed6c       0x40 Core/Src/FUNCTIONS.o
 .debug_macro   0x000000000001edac       0x10 Core/Src/FUNCTIONS.o
 .debug_macro   0x000000000001edbc       0x40 Core/Src/FUNCTIONS.o
 .debug_macro   0x000000000001edfc       0xd7 Core/Src/FUNCTIONS.o
 .debug_macro   0x000000000001eed3       0x1c Core/Src/FUNCTIONS.o
 .debug_macro   0x000000000001eeef       0x3d Core/Src/FUNCTIONS.o
 .debug_macro   0x000000000001ef2c       0x16 Core/Src/FUNCTIONS.o
 .debug_macro   0x000000000001ef42      0x145 Core/Src/FUNCTIONS.o
 .debug_macro   0x000000000001f087       0x16 Core/Src/FUNCTIONS.o
 .debug_macro   0x000000000001f09d       0x20 Core/Src/FUNCTIONS.o
 .debug_macro   0x000000000001f0bd       0x22 Core/Src/FUNCTIONS.o
 .debug_macro   0x000000000001f0df       0x16 Core/Src/FUNCTIONS.o
 .debug_macro   0x000000000001f0f5       0x16 Core/Src/FUNCTIONS.o
 .debug_macro   0x000000000001f10b       0x29 Core/Src/FUNCTIONS.o
 .debug_macro   0x000000000001f134      0x1b4 Core/Src/FUNCTIONS.o
 .debug_macro   0x000000000001f2e8      0x38a Core/Src/MY_ILI9341.o
 .debug_macro   0x000000000001f672       0x1c Core/Src/MY_ILI9341.o
 .debug_macro   0x000000000001f68e      0x29b Core/Src/UartRingbuffer.o
 .debug_macro   0x000000000001f929       0x10 Core/Src/UartRingbuffer.o
 .debug_macro   0x000000000001f939      0x3a3 Core/Src/main.o
 .debug_macro   0x000000000001fcdc       0x28 Core/Src/main.o
 .debug_macro   0x000000000001fd04      0x3a3 Core/Src/stm32f4xx_hal_msp.o
 .debug_macro   0x00000000000200a7      0x3ad Core/Src/stm32f4xx_it.o
 .debug_macro   0x0000000000020454       0xee Core/Src/sysmem.o
 .debug_macro   0x0000000000020542      0x23b Core/Src/sysmem.o
 .debug_macro   0x000000000002077d      0x1ca Core/Src/system_stm32f4xx.o
 .debug_macro   0x0000000000020947      0x224 Drivers/STM32F4xx_HAL_Driver/Src/stm32f4xx_hal.o
 .debug_macro   0x0000000000020b6b      0x1c4 Drivers/STM32F4xx_HAL_Driver/Src/stm32f4xx_hal_cortex.o
 .debug_macro   0x0000000000020d2f      0x1ca Drivers/STM32F4xx_HAL_Driver/Src/stm32f4xx_hal_dma.o
 .debug_macro   0x0000000000020ef9      0x1fa Drivers/STM32F4xx_HAL_Driver/Src/stm32f4xx_hal_gpio.o
 .debug_macro   0x00000000000210f3      0x1e8 Drivers/STM32F4xx_HAL_Driver/Src/stm32f4xx_hal_rcc.o
 .debug_macro   0x00000000000212db      0x1d3 Drivers/STM32F4xx_HAL_Driver/Src/stm32f4xx_hal_spi.o
 .debug_macro   0x00000000000214ae      0x1c5 Drivers/STM32F4xx_HAL_Driver/Src/stm32f4xx_hal_uart.o

.debug_line     0x0000000000000000     0x9993
 .debug_line    0x0000000000000000      0x9c5 Core/Src/FUNCTIONS.o
 .debug_line    0x00000000000009c5      0xca2 Core/Src/MY_ILI9341.o
 .debug_line    0x0000000000001667      0xa4a Core/Src/UartRingbuffer.o
 .debug_line    0x00000000000020b1      0x9e0 Core/Src/main.o
 .debug_line    0x0000000000002a91      0x99c Core/Src/stm32f4xx_hal_msp.o
 .debug_line    0x000000000000342d      0x9f5 Core/Src/stm32f4xx_it.o
 .debug_line    0x0000000000003e22      0x503 Core/Src/sysmem.o
 .debug_line    0x0000000000004325      0x6f2 Core/Src/system_stm32f4xx.o
 .debug_line    0x0000000000004a17       0x85 Core/Startup/startup_stm32f407vgtx.o
 .debug_line    0x0000000000004a9c      0x8dc Drivers/STM32F4xx_HAL_Driver/Src/stm32f4xx_hal.o
 .debug_line    0x0000000000005378      0xa00 Drivers/STM32F4xx_HAL_Driver/Src/stm32f4xx_hal_cortex.o
 .debug_line    0x0000000000005d78      0x9aa Drivers/STM32F4xx_HAL_Driver/Src/stm32f4xx_hal_dma.o
 .debug_line    0x0000000000006722      0x8bb Drivers/STM32F4xx_HAL_Driver/Src/stm32f4xx_hal_gpio.o
 .debug_line    0x0000000000006fdd      0x934 Drivers/STM32F4xx_HAL_Driver/Src/stm32f4xx_hal_rcc.o
 .debug_line    0x0000000000007911     0x1098 Drivers/STM32F4xx_HAL_Driver/Src/stm32f4xx_hal_spi.o
 .debug_line    0x00000000000089a9      0xfea Drivers/STM32F4xx_HAL_Driver/Src/stm32f4xx_hal_uart.o

.debug_str      0x0000000000000000    0xc4d23
 .debug_str     0x0000000000000000    0xc18ad Core/Src/FUNCTIONS.o
                                      0xc1bac (size before relaxing)
 .debug_str     0x00000000000c18ad      0x71d Core/Src/MY_ILI9341.o
                                      0xc22b2 (size before relaxing)
 .debug_str     0x00000000000c1fca      0x2c7 Core/Src/UartRingbuffer.o
                                      0xc07bc (size before relaxing)
 .debug_str     0x00000000000c2291      0x38e Core/Src/main.o
                                      0xc24a5 (size before relaxing)
 .debug_str     0x00000000000c261f      0x548 Core/Src/stm32f4xx_hal_msp.o
                                      0xc281b (size before relaxing)
 .debug_str     0x00000000000c2b67       0xcf Core/Src/stm32f4xx_it.o
                                      0xc2091 (size before relaxing)
 .debug_str     0x00000000000c2c36      0x4e9 Core/Src/sysmem.o
                                       0x5f68 (size before relaxing)
 .debug_str     0x00000000000c311f       0xc4 Core/Src/system_stm32f4xx.o
                                      0xbd41a (size before relaxing)
 .debug_str     0x00000000000c31e3       0x36 Core/Startup/startup_stm32f407vgtx.o
                                         0x75 (size before relaxing)
 .debug_str     0x00000000000c3219      0x58d Drivers/STM32F4xx_HAL_Driver/Src/stm32f4xx_hal.o
                                      0xbdee7 (size before relaxing)
 .debug_str     0x00000000000c37a6      0x399 Drivers/STM32F4xx_HAL_Driver/Src/stm32f4xx_hal_cortex.o
                                      0xbdcd6 (size before relaxing)
 .debug_str     0x00000000000c3b3f      0x322 Drivers/STM32F4xx_HAL_Driver/Src/stm32f4xx_hal_dma.o
                                      0xbd82f (size before relaxing)
 .debug_str     0x00000000000c3e61      0x20c Drivers/STM32F4xx_HAL_Driver/Src/stm32f4xx_hal_gpio.o
                                      0xbd659 (size before relaxing)
 .debug_str     0x00000000000c406d      0x259 Drivers/STM32F4xx_HAL_Driver/Src/stm32f4xx_hal_rcc.o
                                      0xbd807 (size before relaxing)
 .debug_str     0x00000000000c42c6      0x560 Drivers/STM32F4xx_HAL_Driver/Src/stm32f4xx_hal_spi.o
                                      0xbdc88 (size before relaxing)
 .debug_str     0x00000000000c4826      0x4fd Drivers/STM32F4xx_HAL_Driver/Src/stm32f4xx_hal_uart.o
                                      0xbdc66 (size before relaxing)

.comment        0x0000000000000000       0x7b
 .comment       0x0000000000000000       0x7b Core/Src/FUNCTIONS.o
                                         0x7c (size before relaxing)
 .comment       0x000000000000007b       0x7c Core/Src/MY_ILI9341.o
 .comment       0x000000000000007b       0x7c Core/Src/UartRingbuffer.o
 .comment       0x000000000000007b       0x7c Core/Src/main.o
 .comment       0x000000000000007b       0x7c Core/Src/stm32f4xx_hal_msp.o
 .comment       0x000000000000007b       0x7c Core/Src/stm32f4xx_it.o
 .comment       0x000000000000007b       0x7c Core/Src/sysmem.o
 .comment       0x000000000000007b       0x7c Core/Src/system_stm32f4xx.o
 .comment       0x000000000000007b       0x7c Drivers/STM32F4xx_HAL_Driver/Src/stm32f4xx_hal.o
 .comment       0x000000000000007b       0x7c Drivers/STM32F4xx_HAL_Driver/Src/stm32f4xx_hal_cortex.o
 .comment       0x000000000000007b       0x7c Drivers/STM32F4xx_HAL_Driver/Src/stm32f4xx_hal_dma.o
 .comment       0x000000000000007b       0x7c Drivers/STM32F4xx_HAL_Driver/Src/stm32f4xx_hal_gpio.o
 .comment       0x000000000000007b       0x7c Drivers/STM32F4xx_HAL_Driver/Src/stm32f4xx_hal_rcc.o
 .comment       0x000000000000007b       0x7c Drivers/STM32F4xx_HAL_Driver/Src/stm32f4xx_hal_spi.o
 .comment       0x000000000000007b       0x7c Drivers/STM32F4xx_HAL_Driver/Src/stm32f4xx_hal_uart.o

.debug_frame    0x0000000000000000     0x2b84
 .debug_frame   0x0000000000000000       0x80 Core/Src/FUNCTIONS.o
 .debug_frame   0x0000000000000080      0x35c Core/Src/MY_ILI9341.o
 .debug_frame   0x00000000000003dc      0x204 Core/Src/UartRingbuffer.o
 .debug_frame   0x00000000000005e0       0xc8 Core/Src/main.o
 .debug_frame   0x00000000000006a8       0xc4 Core/Src/stm32f4xx_hal_msp.o
 .debug_frame   0x000000000000076c      0x120 Core/Src/stm32f4xx_it.o
 .debug_frame   0x000000000000088c       0x34 Core/Src/sysmem.o
 .debug_frame   0x00000000000008c0       0x58 Core/Src/system_stm32f4xx.o
 .debug_frame   0x0000000000000918      0x374 Drivers/STM32F4xx_HAL_Driver/Src/stm32f4xx_hal.o
 .debug_frame   0x0000000000000c8c      0x498 Drivers/STM32F4xx_HAL_Driver/Src/stm32f4xx_hal_cortex.o
 .debug_frame   0x0000000000001124      0x250 Drivers/STM32F4xx_HAL_Driver/Src/stm32f4xx_hal_dma.o
 .debug_frame   0x0000000000001374      0x14c Drivers/STM32F4xx_HAL_Driver/Src/stm32f4xx_hal_gpio.o
 .debug_frame   0x00000000000014c0      0x1f0 Drivers/STM32F4xx_HAL_Driver/Src/stm32f4xx_hal_rcc.o
 .debug_frame   0x00000000000016b0      0x824 Drivers/STM32F4xx_HAL_Driver/Src/stm32f4xx_hal_spi.o
 .debug_frame   0x0000000000001ed4      0x844 Drivers/STM32F4xx_HAL_Driver/Src/stm32f4xx_hal_uart.o
 .debug_frame   0x0000000000002718       0x20 /Applications/STM32CubeIDE.app/Contents/Eclipse/plugins/com.st.stm32cube.ide.mcu.externaltools.gnu-tools-for-stm32.7-2018-q2-update.macos64_1.5.0.202011040924/tools/bin/../lib/gcc/arm-none-eabi/7.3.1/../../../../arm-none-eabi/lib/thumb/v7e-m/fpv4-sp/hard/libc_nano.a(lib_a-errno.o)
 .debug_frame   0x0000000000002738       0x2c /Applications/STM32CubeIDE.app/Contents/Eclipse/plugins/com.st.stm32cube.ide.mcu.externaltools.gnu-tools-for-stm32.7-2018-q2-update.macos64_1.5.0.202011040924/tools/bin/../lib/gcc/arm-none-eabi/7.3.1/../../../../arm-none-eabi/lib/thumb/v7e-m/fpv4-sp/hard/libc_nano.a(lib_a-init.o)
 .debug_frame   0x0000000000002764       0x28 /Applications/STM32CubeIDE.app/Contents/Eclipse/plugins/com.st.stm32cube.ide.mcu.externaltools.gnu-tools-for-stm32.7-2018-q2-update.macos64_1.5.0.202011040924/tools/bin/../lib/gcc/arm-none-eabi/7.3.1/../../../../arm-none-eabi/lib/thumb/v7e-m/fpv4-sp/hard/libc_nano.a(lib_a-memcpy-stub.o)
 .debug_frame   0x000000000000278c       0x20 /Applications/STM32CubeIDE.app/Contents/Eclipse/plugins/com.st.stm32cube.ide.mcu.externaltools.gnu-tools-for-stm32.7-2018-q2-update.macos64_1.5.0.202011040924/tools/bin/../lib/gcc/arm-none-eabi/7.3.1/../../../../arm-none-eabi/lib/thumb/v7e-m/fpv4-sp/hard/libc_nano.a(lib_a-memset.o)
 .debug_frame   0x00000000000027ac       0x7c /Applications/STM32CubeIDE.app/Contents/Eclipse/plugins/com.st.stm32cube.ide.mcu.externaltools.gnu-tools-for-stm32.7-2018-q2-update.macos64_1.5.0.202011040924/tools/bin/../lib/gcc/arm-none-eabi/7.3.1/../../../../arm-none-eabi/lib/thumb/v7e-m/fpv4-sp/hard/libc_nano.a(lib_a-snprintf.o)
 .debug_frame   0x0000000000002828       0x6c /Applications/STM32CubeIDE.app/Contents/Eclipse/plugins/com.st.stm32cube.ide.mcu.externaltools.gnu-tools-for-stm32.7-2018-q2-update.macos64_1.5.0.202011040924/tools/bin/../lib/gcc/arm-none-eabi/7.3.1/../../../../arm-none-eabi/lib/thumb/v7e-m/fpv4-sp/hard/libc_nano.a(lib_a-sprintf.o)
 .debug_frame   0x0000000000002894       0x90 /Applications/STM32CubeIDE.app/Contents/Eclipse/plugins/com.st.stm32cube.ide.mcu.externaltools.gnu-tools-for-stm32.7-2018-q2-update.macos64_1.5.0.202011040924/tools/bin/../lib/gcc/arm-none-eabi/7.3.1/../../../../arm-none-eabi/lib/thumb/v7e-m/fpv4-sp/hard/libc_nano.a(lib_a-nano-svfprintf.o)
 .debug_frame   0x0000000000002924       0x60 /Applications/STM32CubeIDE.app/Contents/Eclipse/plugins/com.st.stm32cube.ide.mcu.externaltools.gnu-tools-for-stm32.7-2018-q2-update.macos64_1.5.0.202011040924/tools/bin/../lib/gcc/arm-none-eabi/7.3.1/../../../../arm-none-eabi/lib/thumb/v7e-m/fpv4-sp/hard/libc_nano.a(lib_a-nano-vfprintf_i.o)
 .debug_frame   0x0000000000002984       0x28 /Applications/STM32CubeIDE.app/Contents/Eclipse/plugins/com.st.stm32cube.ide.mcu.externaltools.gnu-tools-for-stm32.7-2018-q2-update.macos64_1.5.0.202011040924/tools/bin/../lib/gcc/arm-none-eabi/7.3.1/../../../../arm-none-eabi/lib/thumb/v7e-m/fpv4-sp/hard/libc_nano.a(lib_a-memmove.o)
 .debug_frame   0x00000000000029ac       0x38 /Applications/STM32CubeIDE.app/Contents/Eclipse/plugins/com.st.stm32cube.ide.mcu.externaltools.gnu-tools-for-stm32.7-2018-q2-update.macos64_1.5.0.202011040924/tools/bin/../lib/gcc/arm-none-eabi/7.3.1/../../../../arm-none-eabi/lib/thumb/v7e-m/fpv4-sp/hard/libc_nano.a(lib_a-nano-freer.o)
 .debug_frame   0x00000000000029e4       0x2c /Applications/STM32CubeIDE.app/Contents/Eclipse/plugins/com.st.stm32cube.ide.mcu.externaltools.gnu-tools-for-stm32.7-2018-q2-update.macos64_1.5.0.202011040924/tools/bin/../lib/gcc/arm-none-eabi/7.3.1/../../../../arm-none-eabi/lib/thumb/v7e-m/fpv4-sp/hard/libc_nano.a(lib_a-nano-mallocr.o)
 .debug_frame   0x0000000000002a10       0x3c /Applications/STM32CubeIDE.app/Contents/Eclipse/plugins/com.st.stm32cube.ide.mcu.externaltools.gnu-tools-for-stm32.7-2018-q2-update.macos64_1.5.0.202011040924/tools/bin/../lib/gcc/arm-none-eabi/7.3.1/../../../../arm-none-eabi/lib/thumb/v7e-m/fpv4-sp/hard/libc_nano.a(lib_a-nano-reallocr.o)
 .debug_frame   0x0000000000002a4c       0x2c /Applications/STM32CubeIDE.app/Contents/Eclipse/plugins/com.st.stm32cube.ide.mcu.externaltools.gnu-tools-for-stm32.7-2018-q2-update.macos64_1.5.0.202011040924/tools/bin/../lib/gcc/arm-none-eabi/7.3.1/../../../../arm-none-eabi/lib/thumb/v7e-m/fpv4-sp/hard/libc_nano.a(lib_a-sbrkr.o)
 .debug_frame   0x0000000000002a78       0x30 /Applications/STM32CubeIDE.app/Contents/Eclipse/plugins/com.st.stm32cube.ide.mcu.externaltools.gnu-tools-for-stm32.7-2018-q2-update.macos64_1.5.0.202011040924/tools/bin/../lib/gcc/arm-none-eabi/7.3.1/../../../../arm-none-eabi/lib/thumb/v7e-m/fpv4-sp/hard/libc_nano.a(lib_a-mlock.o)
 .debug_frame   0x0000000000002aa8       0x20 /Applications/STM32CubeIDE.app/Contents/Eclipse/plugins/com.st.stm32cube.ide.mcu.externaltools.gnu-tools-for-stm32.7-2018-q2-update.macos64_1.5.0.202011040924/tools/bin/../lib/gcc/arm-none-eabi/7.3.1/../../../../arm-none-eabi/lib/thumb/v7e-m/fpv4-sp/hard/libc_nano.a(lib_a-nano-msizer.o)
 .debug_frame   0x0000000000002ac8       0x5c /Applications/STM32CubeIDE.app/Contents/Eclipse/plugins/com.st.stm32cube.ide.mcu.externaltools.gnu-tools-for-stm32.7-2018-q2-update.macos64_1.5.0.202011040924/tools/bin/../lib/gcc/arm-none-eabi/7.3.1/../../../../arm-none-eabi/lib/thumb/v7e-m/fpv4-sp/hard/libc_nano.a(lib_a-reent.o)
 .debug_frame   0x0000000000002b24       0x2c /Applications/STM32CubeIDE.app/Contents/Eclipse/plugins/com.st.stm32cube.ide.mcu.externaltools.gnu-tools-for-stm32.7-2018-q2-update.macos64_1.5.0.202011040924/tools/bin/../lib/gcc/arm-none-eabi/7.3.1/thumb/v7e-m/fpv4-sp/hard/libgcc.a(_aeabi_uldivmod.o)
 .debug_frame   0x0000000000002b50       0x34 /Applications/STM32CubeIDE.app/Contents/Eclipse/plugins/com.st.stm32cube.ide.mcu.externaltools.gnu-tools-for-stm32.7-2018-q2-update.macos64_1.5.0.202011040924/tools/bin/../lib/gcc/arm-none-eabi/7.3.1/thumb/v7e-m/fpv4-sp/hard/libgcc.a(_udivmoddi4.o)
